C:/Users/knight-9/Documents/chick/Final_chicken_last/Final_chicken_last/ee/ee.c:28:6:ee_init	4	static
C:/Users/knight-9/Documents/chick/Final_chicken_last/Final_chicken_last/ee/ee.c:37:6:ee_format	40	static
C:/Users/knight-9/Documents/chick/Final_chicken_last/Final_chicken_last/ee/ee.c:93:6:ee_read	32	static
C:/Users/knight-9/Documents/chick/Final_chicken_last/Final_chicken_last/ee/ee.c:112:6:ee_write	48	static
C:/Users/knight-9/Documents/chick/Final_chicken_last/Final_chicken_last/ee/ee.c:193:6:ee_writeToRam	24	static
C:/Users/knight-9/Documents/chick/Final_chicken_last/Final_chicken_last/ee/ee.c:207:7:ee_commit	4	static
C:/Users/knight-9/Documents/chick/Final_chicken_last/Final_chicken_last/ee/ee.c:216:11:ee_maxVirtualAddress	4	static
../Core/Src/main.c:62:6:setChick	24	static
../Core/Src/main.c:84:6:setMenuCursor	24	static
../Core/Src/main.c:97:6:setShopCursor	24	static
../Core/Src/main.c:112:6:setMenu	40	static
../Core/Src/main.c:136:6:setshop	48	static
../Core/Src/main.c:187:6:save_stats	32	static
../Core/Src/main.c:218:6:check_joystick	4	static
../Core/Src/main.c:265:5:main	616	static
../Core/Src/main.c:630:6:SystemClock_Config	96	static
../Core/Src/main.c:680:13:MX_SPI1_Init	8	static
../Core/Src/main.c:720:13:MX_SPI3_Init	8	static
../Core/Src/main.c:760:13:MX_GPIO_Init	40	static
../Core/Src/main.c:812:6:Error_Handler	4	static,ignoring_inline_asm
