../Drivers/OLED/ssd1306.c:24:6:ssd1306_Reset	8	static
../Drivers/OLED/ssd1306.c:37:6:ssd1306_WriteCommand	16	static
../Drivers/OLED/ssd1306.c:45:6:ssd1306_Set_PageAdressing	8	static
../Drivers/OLED/ssd1306.c:50:6:ssd1306_Set_Horiz_Adressing	8	static
../Drivers/OLED/ssd1306.c:55:6:ssd1306_Set_Page	24	static
../Drivers/OLED/ssd1306.c:67:6:ssd1306_WriteData	16	static
../Drivers/OLED/ssd1306.c:74:6:HAL_SPI_TxCpltCallback	16	static
../Drivers/OLED/ssd1306.c:93:17:ssd1306_FillBuffer	24	static
../Drivers/OLED/ssd1306.c:103:6:ssd1306_Init	8	static
../Drivers/OLED/ssd1306.c:205:6:ssd1306_Fill	24	static
../Drivers/OLED/ssd1306.c:221:6:ssd1306_DrawPixel	16	static
../Drivers/OLED/ssd1306.c:241:6:ssd1306_WriteChar	48	static
../Drivers/OLED/ssd1306.c:276:6:ssd1306_WriteString	24	static
../Drivers/OLED/ssd1306.c:290:6:ssd1306_SetCursor	16	static
../Drivers/OLED/ssd1306.c:298:6:ssd1306_DrawRectangle	32	static
../Drivers/OLED/ssd1306.c:308:6:ssd1306_FillRectangle	32	static
../Drivers/OLED/ssd1306.c:323:6:ssd1306_DrawBitmap	24	static
../Drivers/OLED/ssd1306.c:350:6:ssd1306_DisplayPage	16	static
../Drivers/OLED/ssd1306.c:366:6:ssd1306_SetContrast	24	static
../Drivers/OLED/ssd1306.c:372:6:ssd1306_UpdateScreen	16	static
../Drivers/OLED/ssd1306.c:383:6:ssd1306_SetDisplayOn	24	static
../Drivers/OLED/ssd1306.c:395:9:ssd1306_GetDisplayOn	4	static
