../Drivers/OLED/ssd1306.c:24:6:ssd1306_Reset	8	static
../Drivers/OLED/ssd1306.c:36:6:ssd1306_WriteCommand	16	static
../Drivers/OLED/ssd1306.c:44:6:ssd1306_Set_PageAdressing	8	static
../Drivers/OLED/ssd1306.c:49:6:ssd1306_Set_Horiz_Adressing	8	static
../Drivers/OLED/ssd1306.c:54:6:ssd1306_Set_Page	24	static
../Drivers/OLED/ssd1306.c:66:6:ssd1306_WriteData	16	static
../Drivers/OLED/ssd1306.c:73:6:HAL_SPI_TxCpltCallback	16	static
../Drivers/OLED/ssd1306.c:92:17:ssd1306_FillBuffer	24	static
../Drivers/OLED/ssd1306.c:102:6:ssd1306_Init	8	static
../Drivers/OLED/ssd1306.c:204:6:ssd1306_Fill	24	static
../Drivers/OLED/ssd1306.c:220:6:ssd1306_DrawPixel	16	static
../Drivers/OLED/ssd1306.c:240:6:ssd1306_WriteChar	48	static
../Drivers/OLED/ssd1306.c:275:6:ssd1306_WriteString	24	static
../Drivers/OLED/ssd1306.c:289:6:ssd1306_SetCursor	16	static
../Drivers/OLED/ssd1306.c:297:6:ssd1306_DrawRectangle	32	static
../Drivers/OLED/ssd1306.c:307:6:ssd1306_FillRectangle	32	static
../Drivers/OLED/ssd1306.c:322:6:ssd1306_DrawBitmap	24	static
../Drivers/OLED/ssd1306.c:349:6:ssd1306_DisplayPage	16	static
../Drivers/OLED/ssd1306.c:365:6:ssd1306_SetContrast	24	static
../Drivers/OLED/ssd1306.c:371:6:ssd1306_UpdateScreen	16	static
../Drivers/OLED/ssd1306.c:382:6:ssd1306_SetDisplayOn	24	static
../Drivers/OLED/ssd1306.c:394:9:ssd1306_GetDisplayOn	4	static
