Archive member included to satisfy reference by file (symbol)

C:/Program Files/STMicroelectronics/STM32CubeIDE_1.15.0/STM32CubeIDE/plugins/com.st.stm32cube.ide.mcu.externaltools.gnu-tools-for-stm32.12.3.rel1.win32_1.0.100.202403111256/tools/bin/../lib/gcc/arm-none-eabi/12.3.1/../../../../arm-none-eabi/lib/thumb/v7e-m+fp/hard\libc_nano.a(libc_a-exit.o)
                              C:/Program Files/STMicroelectronics/STM32CubeIDE_1.15.0/STM32CubeIDE/plugins/com.st.stm32cube.ide.mcu.externaltools.gnu-tools-for-stm32.12.3.rel1.win32_1.0.100.202403111256/tools/bin/../lib/gcc/arm-none-eabi/12.3.1/../../../../arm-none-eabi/lib/thumb/v7e-m+fp/hard/crt0.o (exit)
C:/Program Files/STMicroelectronics/STM32CubeIDE_1.15.0/STM32CubeIDE/plugins/com.st.stm32cube.ide.mcu.externaltools.gnu-tools-for-stm32.12.3.rel1.win32_1.0.100.202403111256/tools/bin/../lib/gcc/arm-none-eabi/12.3.1/../../../../arm-none-eabi/lib/thumb/v7e-m+fp/hard\libc_nano.a(libc_a-findfp.o)
                              C:/Program Files/STMicroelectronics/STM32CubeIDE_1.15.0/STM32CubeIDE/plugins/com.st.stm32cube.ide.mcu.externaltools.gnu-tools-for-stm32.12.3.rel1.win32_1.0.100.202403111256/tools/bin/../lib/gcc/arm-none-eabi/12.3.1/../../../../arm-none-eabi/lib/thumb/v7e-m+fp/hard\libc_nano.a(libc_a-exit.o) (__stdio_exit_handler)
C:/Program Files/STMicroelectronics/STM32CubeIDE_1.15.0/STM32CubeIDE/plugins/com.st.stm32cube.ide.mcu.externaltools.gnu-tools-for-stm32.12.3.rel1.win32_1.0.100.202403111256/tools/bin/../lib/gcc/arm-none-eabi/12.3.1/../../../../arm-none-eabi/lib/thumb/v7e-m+fp/hard\libc_nano.a(libc_a-fwalk.o)
                              C:/Program Files/STMicroelectronics/STM32CubeIDE_1.15.0/STM32CubeIDE/plugins/com.st.stm32cube.ide.mcu.externaltools.gnu-tools-for-stm32.12.3.rel1.win32_1.0.100.202403111256/tools/bin/../lib/gcc/arm-none-eabi/12.3.1/../../../../arm-none-eabi/lib/thumb/v7e-m+fp/hard\libc_nano.a(libc_a-findfp.o) (_fwalk_sglue)
C:/Program Files/STMicroelectronics/STM32CubeIDE_1.15.0/STM32CubeIDE/plugins/com.st.stm32cube.ide.mcu.externaltools.gnu-tools-for-stm32.12.3.rel1.win32_1.0.100.202403111256/tools/bin/../lib/gcc/arm-none-eabi/12.3.1/../../../../arm-none-eabi/lib/thumb/v7e-m+fp/hard\libc_nano.a(libc_a-sprintf.o)
                              ./Core/Src/main.o (sprintf)
C:/Program Files/STMicroelectronics/STM32CubeIDE_1.15.0/STM32CubeIDE/plugins/com.st.stm32cube.ide.mcu.externaltools.gnu-tools-for-stm32.12.3.rel1.win32_1.0.100.202403111256/tools/bin/../lib/gcc/arm-none-eabi/12.3.1/../../../../arm-none-eabi/lib/thumb/v7e-m+fp/hard\libc_nano.a(libc_a-stdio.o)
                              C:/Program Files/STMicroelectronics/STM32CubeIDE_1.15.0/STM32CubeIDE/plugins/com.st.stm32cube.ide.mcu.externaltools.gnu-tools-for-stm32.12.3.rel1.win32_1.0.100.202403111256/tools/bin/../lib/gcc/arm-none-eabi/12.3.1/../../../../arm-none-eabi/lib/thumb/v7e-m+fp/hard\libc_nano.a(libc_a-findfp.o) (__sread)
C:/Program Files/STMicroelectronics/STM32CubeIDE_1.15.0/STM32CubeIDE/plugins/com.st.stm32cube.ide.mcu.externaltools.gnu-tools-for-stm32.12.3.rel1.win32_1.0.100.202403111256/tools/bin/../lib/gcc/arm-none-eabi/12.3.1/../../../../arm-none-eabi/lib/thumb/v7e-m+fp/hard\libc_nano.a(libc_a-memset.o)
                              C:/Program Files/STMicroelectronics/STM32CubeIDE_1.15.0/STM32CubeIDE/plugins/com.st.stm32cube.ide.mcu.externaltools.gnu-tools-for-stm32.12.3.rel1.win32_1.0.100.202403111256/tools/bin/../lib/gcc/arm-none-eabi/12.3.1/../../../../arm-none-eabi/lib/thumb/v7e-m+fp/hard/crt0.o (memset)
C:/Program Files/STMicroelectronics/STM32CubeIDE_1.15.0/STM32CubeIDE/plugins/com.st.stm32cube.ide.mcu.externaltools.gnu-tools-for-stm32.12.3.rel1.win32_1.0.100.202403111256/tools/bin/../lib/gcc/arm-none-eabi/12.3.1/../../../../arm-none-eabi/lib/thumb/v7e-m+fp/hard\libc_nano.a(libc_a-closer.o)
                              C:/Program Files/STMicroelectronics/STM32CubeIDE_1.15.0/STM32CubeIDE/plugins/com.st.stm32cube.ide.mcu.externaltools.gnu-tools-for-stm32.12.3.rel1.win32_1.0.100.202403111256/tools/bin/../lib/gcc/arm-none-eabi/12.3.1/../../../../arm-none-eabi/lib/thumb/v7e-m+fp/hard\libc_nano.a(libc_a-stdio.o) (_close_r)
C:/Program Files/STMicroelectronics/STM32CubeIDE_1.15.0/STM32CubeIDE/plugins/com.st.stm32cube.ide.mcu.externaltools.gnu-tools-for-stm32.12.3.rel1.win32_1.0.100.202403111256/tools/bin/../lib/gcc/arm-none-eabi/12.3.1/../../../../arm-none-eabi/lib/thumb/v7e-m+fp/hard\libc_nano.a(libc_a-reent.o)
                              C:/Program Files/STMicroelectronics/STM32CubeIDE_1.15.0/STM32CubeIDE/plugins/com.st.stm32cube.ide.mcu.externaltools.gnu-tools-for-stm32.12.3.rel1.win32_1.0.100.202403111256/tools/bin/../lib/gcc/arm-none-eabi/12.3.1/../../../../arm-none-eabi/lib/thumb/v7e-m+fp/hard\libc_nano.a(libc_a-closer.o) (errno)
[...]
Memory Configuration

Name             Origin             Length             Attributes
RAM              0x20000000         0x00010000         xrw
RAM2             0x10000000         0x00004000         xrw
FLASH            0x08000000         0x00040000         xr
*default*        0x00000000         0xffffffff

Linker script and memory map

LOAD C:/Program Files/STMicroelectronics/STM32CubeIDE_1.15.0/STM32CubeIDE/plugins/com.st.stm32cube.ide.mcu.externaltools.gnu-tools-for-stm32.12.3.rel1.win32_1.0.100.202403111256/tools/bin/../lib/gcc/arm-none-eabi/12.3.1/thumb/v7e-m+fp/hard/crti.o
LOAD C:/Program Files/STMicroelectronics/STM32CubeIDE_1.15.0/STM32CubeIDE/plugins/com.st.stm32cube.ide.mcu.externaltools.gnu-tools-for-stm32.12.3.rel1.win32_1.0.100.202403111256/tools/bin/../lib/gcc/arm-none-eabi/12.3.1/thumb/v7e-m+fp/hard/crtbegin.o
LOAD C:/Program Files/STMicroelectronics/STM32CubeIDE_1.15.0/STM32CubeIDE/plugins/com.st.stm32cube.ide.mcu.externaltools.gnu-tools-for-stm32.12.3.rel1.win32_1.0.100.202403111256/tools/bin/../lib/gcc/arm-none-eabi/12.3.1/../../../../arm-none-eabi/lib/thumb/v7e-m+fp/hard/crt0.o
LOAD ./Core/Src/main.o
LOAD ./Core/Src/stm32l4xx_hal_msp.o
LOAD ./Core/Src/stm32l4xx_it.o
LOAD ./Core/Src/syscalls.o
LOAD ./Core/Src/sysmem.o
LOAD ./Core/Src/system_stm32l4xx.o
LOAD ./Core/Startup/startup_stm32l432kcux.o
LOAD ./Drivers/OLED/ssd1306.o
LOAD ./Drivers/OLED/ssd1306_fonts.o
LOAD ./Drivers/STM32L4xx_HAL_Driver/Src/stm32l4xx_hal.o
LOAD ./Drivers/STM32L4xx_HAL_Driver/Src/stm32l4xx_hal_cortex.o
LOAD ./Drivers/STM32L4xx_HAL_Driver/Src/stm32l4xx_hal_dma.o
LOAD ./Drivers/STM32L4xx_HAL_Driver/Src/stm32l4xx_hal_dma_ex.o
LOAD ./Drivers/STM32L4xx_HAL_Driver/Src/stm32l4xx_hal_exti.o
LOAD ./Drivers/STM32L4xx_HAL_Driver/Src/stm32l4xx_hal_flash.o
LOAD ./Drivers/STM32L4xx_HAL_Driver/Src/stm32l4xx_hal_flash_ex.o
LOAD ./Drivers/STM32L4xx_HAL_Driver/Src/stm32l4xx_hal_flash_ramfunc.o
LOAD ./Drivers/STM32L4xx_HAL_Driver/Src/stm32l4xx_hal_gpio.o
LOAD ./Drivers/STM32L4xx_HAL_Driver/Src/stm32l4xx_hal_i2c.o
LOAD ./Drivers/STM32L4xx_HAL_Driver/Src/stm32l4xx_hal_i2c_ex.o
LOAD ./Drivers/STM32L4xx_HAL_Driver/Src/stm32l4xx_hal_pwr.o
LOAD ./Drivers/STM32L4xx_HAL_Driver/Src/stm32l4xx_hal_pwr_ex.o
LOAD ./Drivers/STM32L4xx_HAL_Driver/Src/stm32l4xx_hal_rcc.o
LOAD ./Drivers/STM32L4xx_HAL_Driver/Src/stm32l4xx_hal_rcc_ex.o
LOAD ./Drivers/STM32L4xx_HAL_Driver/Src/stm32l4xx_hal_spi.o
LOAD ./Drivers/STM32L4xx_HAL_Driver/Src/stm32l4xx_hal_spi_ex.o
LOAD ./Drivers/STM32L4xx_HAL_Driver/Src/stm32l4xx_hal_tim.o
LOAD ./Drivers/STM32L4xx_HAL_Driver/Src/stm32l4xx_hal_tim_ex.o
START GROUP
LOAD C:/Program Files/STMicroelectronics/STM32CubeIDE_1.15.0/STM32CubeIDE/plugins/com.st.stm32cube.ide.mcu.externaltools.gnu-tools-for-stm32.12.3.rel1.win32_1.0.100.202403111256/tools/bin/../lib/gcc/arm-none-eabi/12.3.1/../../../../arm-none-eabi/lib/thumb/v7e-m+fp/hard\libc_nano.a
LOAD C:/Program Files/STMicroelectronics/STM32CubeIDE_1.15.0/STM32CubeIDE/plugins/com.st.stm32cube.ide.mcu.externaltools.gnu-tools-for-stm32.12.3.rel1.win32_1.0.100.202403111256/tools/bin/../lib/gcc/arm-none-eabi/12.3.1/../../../../arm-none-eabi/lib/thumb/v7e-m+fp/hard\libm.a
END GROUP
START GROUP
LOAD C:/Program Files/STMicroelectronics/STM32CubeIDE_1.15.0/STM32CubeIDE/plugins/com.st.stm32cube.ide.mcu.externaltools.gnu-tools-for-stm32.12.3.rel1.win32_1.0.100.202403111256/tools/bin/../lib/gcc/arm-none-eabi/12.3.1/thumb/v7e-m+fp/hard\libgcc.a
LOAD C:/Program Files/STMicroelectronics/STM32CubeIDE_1.15.0/STM32CubeIDE/plugins/com.st.stm32cube.ide.mcu.externaltools.gnu-tools-for-stm32.12.3.rel1.win32_1.0.100.202403111256/tools/bin/../lib/gcc/arm-none-eabi/12.3.1/../../../../arm-none-eabi/lib/thumb/v7e-m+fp/hard\libc_nano.a
END GROUP
START GROUP
LOAD C:/Program Files/STMicroelectronics/STM32CubeIDE_1.15.0/STM32CubeIDE/plugins/com.st.stm32cube.ide.mcu.externaltools.gnu-tools-for-stm32.12.3.rel1.win32_1.0.100.202403111256/tools/bin/../lib/gcc/arm-none-eabi/12.3.1/thumb/v7e-m+fp/hard\libgcc.a
LOAD C:/Program Files/STMicroelectronics/STM32CubeIDE_1.15.0/STM32CubeIDE/plugins/com.st.stm32cube.ide.mcu.externaltools.gnu-tools-for-stm32.12.3.rel1.win32_1.0.100.202403111256/tools/bin/../lib/gcc/arm-none-eabi/12.3.1/../../../../arm-none-eabi/lib/thumb/v7e-m+fp/hard\libc_nano.a
LOAD C:/Program Files/STMicroelectronics/STM32CubeIDE_1.15.0/STM32CubeIDE/plugins/com.st.stm32cube.ide.mcu.externaltools.gnu-tools-for-stm32.12.3.rel1.win32_1.0.100.202403111256/tools/bin/../lib/gcc/arm-none-eabi/12.3.1/../../../../arm-none-eabi/lib/thumb/v7e-m+fp/hard\libnosys.a
END GROUP
START GROUP
LOAD C:/Program Files/STMicroelectronics/STM32CubeIDE_1.15.0/STM32CubeIDE/plugins/com.st.stm32cube.ide.mcu.externaltools.gnu-tools-for-stm32.12.3.rel1.win32_1.0.100.202403111256/tools/bin/../lib/gcc/arm-none-eabi/12.3.1/thumb/v7e-m+fp/hard\libgcc.a
LOAD C:/Program Files/STMicroelectronics/STM32CubeIDE_1.15.0/STM32CubeIDE/plugins/com.st.stm32cube.ide.mcu.externaltools.gnu-tools-for-stm32.12.3.rel1.win32_1.0.100.202403111256/tools/bin/../lib/gcc/arm-none-eabi/12.3.1/../../../../arm-none-eabi/lib/thumb/v7e-m+fp/hard\libc_nano.a
LOAD C:/Program Files/STMicroelectronics/STM32CubeIDE_1.15.0/STM32CubeIDE/plugins/com.st.stm32cube.ide.mcu.externaltools.gnu-tools-for-stm32.12.3.rel1.win32_1.0.100.202403111256/tools/bin/../lib/gcc/arm-none-eabi/12.3.1/../../../../arm-none-eabi/lib/thumb/v7e-m+fp/hard\libnosys.a
END GROUP
LOAD C:/Program Files/STMicroelectronics/STM32CubeIDE_1.15.0/STM32CubeIDE/plugins/com.st.stm32cube.ide.mcu.externaltools.gnu-tools-for-stm32.12.3.rel1.win32_1.0.100.202403111256/tools/bin/../lib/gcc/arm-none-eabi/12.3.1/thumb/v7e-m+fp/hard/crtend.o
LOAD C:/Program Files/STMicroelectronics/STM32CubeIDE_1.15.0/STM32CubeIDE/plugins/com.st.stm32cube.ide.mcu.externaltools.gnu-tools-for-stm32.12.3.rel1.win32_1.0.100.202403111256/tools/bin/../lib/gcc/arm-none-eabi/12.3.1/thumb/v7e-m+fp/hard/crtn.o
                0x20010000                        _estack = (ORIGIN (RAM) + LENGTH (RAM))
                0x00000200                        _Min_Heap_Size = 0x200
                0x00000400                        _Min_Stack_Size = 0x400

.isr_vector     0x08000000      0x18c
                0x08000000                        . = ALIGN (0x4)
 *(.isr_vector)
 .isr_vector    0x08000000      0x18c ./Core/Startup/startup_stm32l432kcux.o
                0x08000000                g_pfnVectors
                0x0800018c                        . = ALIGN (0x4)

.text           0x08000190     0x43a0
                0x08000190                        . = ALIGN (0x4)
 *(.text)
 .text          0x08000190       0x40 C:/Program Files/STMicroelectronics/STM32CubeIDE_1.15.0/STM32CubeIDE/plugins/com.st.stm32cube.ide.mcu.externaltools.gnu-tools-for-stm32.12.3.rel1.win32_1.0.100.202403111256/tools/bin/../lib/gcc/arm-none-eabi/12.3.1/thumb/v7e-m+fp/hard/crtbegin.o
 .text          0x080001d0       0xa0 C:/Program Files/STMicroelectronics/STM32CubeIDE_1.15.0/STM32CubeIDE/plugins/com.st.stm32cube.ide.mcu.externaltools.gnu-tools-for-stm32.12.3.rel1.win32_1.0.100.202403111256/tools/bin/../lib/gcc/arm-none-eabi/12.3.1/../../../../arm-none-eabi/lib/thumb/v7e-m+fp/hard\libc_nano.a(libc_a-memchr.o)
                0x080001d0                memchr
 *(.text*)
 .text.ee_read  0x08000270       0x60 ./Core/Src/main.o
                0x08000270                ee_read
 .text.ee_write
                0x080002d0       0xda ./Core/Src/main.o
                0x080002d0                ee_write
 *fill*         0x080003aa        0x2 
 .text.setChick
                0x080003ac       0xec ./Core/Src/main.o
                0x080003ac                setChick
 .text.setMenuCursor
                0x08000498       0xa8 ./Core/Src/main.o
                0x08000498                setMenuCursor
 .text.setShopCursor
                0x08000540       0xc0 ./Core/Src/main.o
                0x08000540                setShopCursor
 .text.setMenu  0x08000600       0xd8 ./Core/Src/main.o
                0x08000600                setMenu
 .text.setshop  0x080006d8      0x1cc ./Core/Src/main.o
                0x080006d8                setshop
 .text.save_stats
                0x080008a4       0x4c ./Core/Src/main.o
                0x080008a4                save_stats
 .text.check_joystick
                0x080008f0        0xe ./Core/Src/main.o
                0x080008f0                check_joystick
 *fill*         0x080008fe        0x2 
 .text.main     0x08000900      0x8b8 ./Core/Src/main.o
                0x08000900                main
 .text.SystemClock_Config
                0x080011b8       0xa2 ./Core/Src/main.o
                0x080011b8                SystemClock_Config
 *fill*         0x0800125a        0x2 
 .text.MX_SPI1_Init
                0x0800125c       0x7c ./Core/Src/main.o
 .text.MX_SPI3_Init
                0x080012d8       0x7c ./Core/Src/main.o
 .text.MX_GPIO_Init
                0x08001354       0xdc ./Core/Src/main.o
 .text.Error_Handler
                0x08001430        0xc ./Core/Src/main.o
                0x08001430                Error_Handler
 .text.HAL_MspInit
                0x0800143c       0x48 ./Core/Src/stm32l4xx_hal_msp.o
                0x0800143c                HAL_MspInit
 .text.HAL_SPI_MspInit
                0x08001484       0xec ./Core/Src/stm32l4xx_hal_msp.o
                0x08001484                HAL_SPI_MspInit
 .text.NMI_Handler
                0x08001570        0x8 ./Core/Src/stm32l4xx_it.o
                0x08001570                NMI_Handler
 .text.HardFault_Handler
                0x08001578        0x8 ./Core/Src/stm32l4xx_it.o
                0x08001578                HardFault_Handler
 .text.MemManage_Handler
                0x08001580        0x8 ./Core/Src/stm32l4xx_it.o
                0x08001580                MemManage_Handler
 .text.BusFault_Handler
                0x08001588        0x8 ./Core/Src/stm32l4xx_it.o
                0x08001588                BusFault_Handler
 .text.UsageFault_Handler
                0x08001590        0x8 ./Core/Src/stm32l4xx_it.o
                0x08001590                UsageFault_Handler
 .text.SVC_Handler
                0x08001598        0xe ./Core/Src/stm32l4xx_it.o
                0x08001598                SVC_Handler
 .text.DebugMon_Handler
                0x080015a6        0xe ./Core/Src/stm32l4xx_it.o
                0x080015a6                DebugMon_Handler
 .text.PendSV_Handler
                0x080015b4        0xe ./Core/Src/stm32l4xx_it.o
                0x080015b4                PendSV_Handler
 .text.SysTick_Handler
                0x080015c2        0xc ./Core/Src/stm32l4xx_it.o
                0x080015c2                SysTick_Handler
 *fill*         0x080015ce        0x2 
 .text._sbrk    0x080015d0       0x6c ./Core/Src/sysmem.o
                0x080015d0                _sbrk
 .text.SystemInit
                0x0800163c       0x24 ./Core/Src/system_stm32l4xx.o
                0x0800163c                SystemInit
 .text.Reset_Handler
                0x08001660       0x50 ./Core/Startup/startup_stm32l432kcux.o
                0x08001660                Reset_Handler
 .text.Default_Handler
                0x080016b0        0x2 ./Core/Startup/startup_stm32l432kcux.o
                0x080016b0                RTC_Alarm_IRQHandler
                0x080016b0                EXTI2_IRQHandler
                0x080016b0                TIM1_CC_IRQHandler
                0x080016b0                TSC_IRQHandler
                0x080016b0                TAMP_STAMP_IRQHandler
                0x080016b0                EXTI3_IRQHandler
                0x080016b0                LPTIM2_IRQHandler
                0x080016b0                I2C3_ER_IRQHandler
                0x080016b0                EXTI0_IRQHandler
                0x080016b0                CAN1_RX0_IRQHandler
                0x080016b0                FPU_IRQHandler
                0x080016b0                TIM1_UP_TIM16_IRQHandler
                0x080016b0                SPI1_IRQHandler
                0x080016b0                TIM6_DAC_IRQHandler
                0x080016b0                DMA2_Channel2_IRQHandler
                0x080016b0                DMA1_Channel4_IRQHandler
                0x080016b0                ADC1_IRQHandler
                0x080016b0                DMA1_Channel7_IRQHandler
                0x080016b0                CAN1_RX1_IRQHandler
                0x080016b0                DMA2_Channel1_IRQHandler
                0x080016b0                QUADSPI_IRQHandler
                0x080016b0                I2C1_EV_IRQHandler
                0x080016b0                DMA1_Channel6_IRQHandler
                0x080016b0                DMA2_Channel4_IRQHandler
                0x080016b0                RCC_IRQHandler
                0x080016b0                TIM1_TRG_COM_IRQHandler
                0x080016b0                DMA1_Channel1_IRQHandler
                0x080016b0                Default_Handler
                0x080016b0                DMA2_Channel7_IRQHandler
                0x080016b0                EXTI15_10_IRQHandler
                0x080016b0                TIM7_IRQHandler
                0x080016b0                I2C3_EV_IRQHandler
                0x080016b0                USB_IRQHandler
                0x080016b0                EXTI9_5_IRQHandler
                0x080016b0                RTC_WKUP_IRQHandler
                0x080016b0                PVD_PVM_IRQHandler
                0x080016b0                CAN1_TX_IRQHandler
                0x080016b0                DMA2_Channel5_IRQHandler
                0x080016b0                CRS_IRQHandler
                0x080016b0                DMA1_Channel5_IRQHandler
                0x080016b0                EXTI4_IRQHandler
                0x080016b0                RNG_IRQHandler
                0x080016b0                DMA1_Channel3_IRQHandler
                0x080016b0                COMP_IRQHandler
                0x080016b0                WWDG_IRQHandler
                0x080016b0                LPUART1_IRQHandler
                0x080016b0                DMA2_Channel6_IRQHandler
                0x080016b0                TIM2_IRQHandler
                0x080016b0                EXTI1_IRQHandler
                0x080016b0                USART2_IRQHandler
                0x080016b0                DMA1_Channel2_IRQHandler
                0x080016b0                CAN1_SCE_IRQHandler
                0x080016b0                FLASH_IRQHandler
                0x080016b0                USART1_IRQHandler
                0x080016b0                SPI3_IRQHandler
                0x080016b0                I2C1_ER_IRQHandler
                0x080016b0                SWPMI1_IRQHandler
                0x080016b0                LPTIM1_IRQHandler
                0x080016b0                SAI1_IRQHandler
                0x080016b0                DMA2_Channel3_IRQHandler
                0x080016b0                TIM1_BRK_TIM15_IRQHandler
 .text.ssd1306_Reset
                0x080016b2       0x52 ./Drivers/OLED/ssd1306.o
                0x080016b2                ssd1306_Reset
 .text.ssd1306_WriteCommand
                0x08001704       0x50 ./Drivers/OLED/ssd1306.o
                0x08001704                ssd1306_WriteCommand
 .text.ssd1306_WriteData
                0x08001754       0x50 ./Drivers/OLED/ssd1306.o
                0x08001754                ssd1306_WriteData
 .text.ssd1306_Init
                0x080017a4       0xd4 ./Drivers/OLED/ssd1306.o
                0x080017a4                ssd1306_Init
 .text.ssd1306_Fill
                0x08001878       0x48 ./Drivers/OLED/ssd1306.o
                0x08001878                ssd1306_Fill
 .text.ssd1306_DrawPixel
                0x080018c0       0xa8 ./Drivers/OLED/ssd1306.o
                0x080018c0                ssd1306_DrawPixel
 .text.ssd1306_WriteChar
                0x08001968      0x110 ./Drivers/OLED/ssd1306.o
                0x08001968                ssd1306_WriteChar
 .text.ssd1306_WriteString
                0x08001a78       0x4c ./Drivers/OLED/ssd1306.o
                0x08001a78                ssd1306_WriteString
 .text.ssd1306_SetCursor
                0x08001ac4       0x30 ./Drivers/OLED/ssd1306.o
                0x08001ac4                ssd1306_SetCursor
 .text.ssd1306_FillRectangle
                0x08001af4       0x9c ./Drivers/OLED/ssd1306.o
                0x08001af4                ssd1306_FillRectangle
 .text.ssd1306_DrawBitmap
                0x08001b90       0xb6 ./Drivers/OLED/ssd1306.o
                0x08001b90                ssd1306_DrawBitmap
 .text.ssd1306_SetContrast
                0x08001c46       0x26 ./Drivers/OLED/ssd1306.o
                0x08001c46                ssd1306_SetContrast
 .text.ssd1306_UpdateScreen
                0x08001c6c       0x50 ./Drivers/OLED/ssd1306.o
                0x08001c6c                ssd1306_UpdateScreen
 .text.ssd1306_SetDisplayOn
                0x08001cbc       0x3c ./Drivers/OLED/ssd1306.o
                0x08001cbc                ssd1306_SetDisplayOn
 .text.HAL_Init
                0x08001cf8       0x30 ./Drivers/STM32L4xx_HAL_Driver/Src/stm32l4xx_hal.o
                0x08001cf8                HAL_Init
 .text.HAL_InitTick
                0x08001d28       0x78 ./Drivers/STM32L4xx_HAL_Driver/Src/stm32l4xx_hal.o
                0x08001d28                HAL_InitTick
 .text.HAL_IncTick
                0x08001da0       0x28 ./Drivers/STM32L4xx_HAL_Driver/Src/stm32l4xx_hal.o
                0x08001da0                HAL_IncTick
 .text.HAL_GetTick
                0x08001dc8       0x18 ./Drivers/STM32L4xx_HAL_Driver/Src/stm32l4xx_hal.o
                0x08001dc8                HAL_GetTick
 .text.HAL_Delay
                0x08001de0       0x48 ./Drivers/STM32L4xx_HAL_Driver/Src/stm32l4xx_hal.o
                0x08001de0                HAL_Delay
 .text.__NVIC_SetPriorityGrouping
                0x08001e28       0x48 ./Drivers/STM32L4xx_HAL_Driver/Src/stm32l4xx_hal_cortex.o
 .text.__NVIC_GetPriorityGrouping
                0x08001e70       0x1c ./Drivers/STM32L4xx_HAL_Driver/Src/stm32l4xx_hal_cortex.o
 .text.__NVIC_SetPriority
                0x08001e8c       0x54 ./Drivers/STM32L4xx_HAL_Driver/Src/stm32l4xx_hal_cortex.o
 .text.NVIC_EncodePriority
                0x08001ee0       0x66 ./Drivers/STM32L4xx_HAL_Driver/Src/stm32l4xx_hal_cortex.o
 *fill*         0x08001f46        0x2 
 .text.SysTick_Config
                0x08001f48       0x44 ./Drivers/STM32L4xx_HAL_Driver/Src/stm32l4xx_hal_cortex.o
 .text.HAL_NVIC_SetPriorityGrouping
                0x08001f8c       0x16 ./Drivers/STM32L4xx_HAL_Driver/Src/stm32l4xx_hal_cortex.o
                0x08001f8c                HAL_NVIC_SetPriorityGrouping
 .text.HAL_NVIC_SetPriority
                0x08001fa2       0x38 ./Drivers/STM32L4xx_HAL_Driver/Src/stm32l4xx_hal_cortex.o
                0x08001fa2                HAL_NVIC_SetPriority
 .text.HAL_SYSTICK_Config
                0x08001fda       0x18 ./Drivers/STM32L4xx_HAL_Driver/Src/stm32l4xx_hal_cortex.o
                0x08001fda                HAL_SYSTICK_Config
 *fill*         0x08001ff2        0x2 
 .text.HAL_FLASH_Program
                0x08001ff4       0xd8 ./Drivers/STM32L4xx_HAL_Driver/Src/stm32l4xx_hal_flash.o
                0x08001ff4                HAL_FLASH_Program
 .text.HAL_FLASH_Unlock
                0x080020cc       0x44 ./Drivers/STM32L4xx_HAL_Driver/Src/stm32l4xx_hal_flash.o
                0x080020cc                HAL_FLASH_Unlock
 .text.HAL_FLASH_Lock
                0x08002110       0x20 ./Drivers/STM32L4xx_HAL_Driver/Src/stm32l4xx_hal_flash.o
                0x08002110                HAL_FLASH_Lock
 .text.FLASH_WaitForLastOperation
                0x08002130       0xac ./Drivers/STM32L4xx_HAL_Driver/Src/stm32l4xx_hal_flash.o
                0x08002130                FLASH_WaitForLastOperation
 .text.FLASH_Program_DoubleWord
                0x080021dc       0x4c ./Drivers/STM32L4xx_HAL_Driver/Src/stm32l4xx_hal_flash.o
 .text.FLASH_Program_Fast
                0x08002228       0x6c ./Drivers/STM32L4xx_HAL_Driver/Src/stm32l4xx_hal_flash.o
 .text.HAL_FLASHEx_Erase
                0x08002294      0x134 ./Drivers/STM32L4xx_HAL_Driver/Src/stm32l4xx_hal_flash_ex.o
                0x08002294                HAL_FLASHEx_Erase
 .text.FLASH_MassErase
                0x080023c8       0x3c ./Drivers/STM32L4xx_HAL_Driver/Src/stm32l4xx_hal_flash_ex.o
 .text.FLASH_PageErase
                0x08002404       0x48 ./Drivers/STM32L4xx_HAL_Driver/Src/stm32l4xx_hal_flash_ex.o
                0x08002404                FLASH_PageErase
 .text.FLASH_FlushCaches
                0x0800244c       0x94 ./Drivers/STM32L4xx_HAL_Driver/Src/stm32l4xx_hal_flash_ex.o
                0x0800244c                FLASH_FlushCaches
 .text.HAL_GPIO_Init
                0x080024e0      0x2d4 ./Drivers/STM32L4xx_HAL_Driver/Src/stm32l4xx_hal_gpio.o
                0x080024e0                HAL_GPIO_Init
 .text.HAL_GPIO_ReadPin
                0x080027b4       0x30 ./Drivers/STM32L4xx_HAL_Driver/Src/stm32l4xx_hal_gpio.o
                0x080027b4                HAL_GPIO_ReadPin
 .text.HAL_GPIO_WritePin
                0x080027e4       0x30 ./Drivers/STM32L4xx_HAL_Driver/Src/stm32l4xx_hal_gpio.o
                0x080027e4                HAL_GPIO_WritePin
 .text.HAL_PWREx_GetVoltageRange
                0x08002814       0x1c ./Drivers/STM32L4xx_HAL_Driver/Src/stm32l4xx_hal_pwr_ex.o
                0x08002814                HAL_PWREx_GetVoltageRange
 .text.HAL_PWREx_ControlVoltageScaling
                0x08002830       0xac ./Drivers/STM32L4xx_HAL_Driver/Src/stm32l4xx_hal_pwr_ex.o
                0x08002830                HAL_PWREx_ControlVoltageScaling
 .text.HAL_RCC_OscConfig
                0x080028dc      0x828 ./Drivers/STM32L4xx_HAL_Driver/Src/stm32l4xx_hal_rcc.o
                0x080028dc                HAL_RCC_OscConfig
 .text.HAL_RCC_ClockConfig
                0x08003104      0x200 ./Drivers/STM32L4xx_HAL_Driver/Src/stm32l4xx_hal_rcc.o
                0x08003104                HAL_RCC_ClockConfig
 .text.HAL_RCC_GetSysClockFreq
                0x08003304      0x118 ./Drivers/STM32L4xx_HAL_Driver/Src/stm32l4xx_hal_rcc.o
                0x08003304                HAL_RCC_GetSysClockFreq
 .text.RCC_SetFlashLatencyFromMSIRange
                0x0800341c       0xc0 ./Drivers/STM32L4xx_HAL_Driver/Src/stm32l4xx_hal_rcc.o
 .text.HAL_SPI_Init
                0x080034dc      0x146 ./Drivers/STM32L4xx_HAL_Driver/Src/stm32l4xx_hal_spi.o
                0x080034dc                HAL_SPI_Init
 .text.HAL_SPI_Transmit
                0x08003622      0x2ec ./Drivers/STM32L4xx_HAL_Driver/Src/stm32l4xx_hal_spi.o
                0x08003622                HAL_SPI_Transmit
 *fill*         0x0800390e        0x2 
 .text.SPI_WaitFlagStateUntilTimeout
                0x08003910      0x110 ./Drivers/STM32L4xx_HAL_Driver/Src/stm32l4xx_hal_spi.o
 .text.SPI_WaitFifoStateUntilTimeout
                0x08003a20      0x12c ./Drivers/STM32L4xx_HAL_Driver/Src/stm32l4xx_hal_spi.o
 .text.SPI_EndRxTxTransaction
                0x08003b4c       0x8c ./Drivers/STM32L4xx_HAL_Driver/Src/stm32l4xx_hal_spi.o
 .text.sprintf  0x08003bd8       0x40 C:/Program Files/STMicroelectronics/STM32CubeIDE_1.15.0/STM32CubeIDE/plugins/com.st.stm32cube.ide.mcu.externaltools.gnu-tools-for-stm32.12.3.rel1.win32_1.0.100.202403111256/tools/bin/../lib/gcc/arm-none-eabi/12.3.1/../../../../arm-none-eabi/lib/thumb/v7e-m+fp/hard\libc_nano.a(libc_a-sprintf.o)
                0x08003bd8                siprintf
                0x08003bd8                sprintf
 .text.memset   0x08003c18       0x10 C:/Program Files/STMicroelectronics/STM32CubeIDE_1.15.0/STM32CubeIDE/plugins/com.st.stm32cube.ide.mcu.externaltools.gnu-tools-for-stm32.12.3.rel1.win32_1.0.100.202403111256/tools/bin/../lib/gcc/arm-none-eabi/12.3.1/../../../../arm-none-eabi/lib/thumb/v7e-m+fp/hard\libc_nano.a(libc_a-memset.o)
                0x08003c18                memset
 .text.__errno  0x08003c28        0xc C:/Program Files/STMicroelectronics/STM32CubeIDE_1.15.0/STM32CubeIDE/plugins/com.st.stm32cube.ide.mcu.externaltools.gnu-tools-for-stm32.12.3.rel1.win32_1.0.100.202403111256/tools/bin/../lib/gcc/arm-none-eabi/12.3.1/../../../../arm-none-eabi/lib/thumb/v7e-m+fp/hard\libc_nano.a(libc_a-errno.o)
                0x08003c28                __errno
 .text.__libc_init_array
                0x08003c34       0x48 C:/Program Files/STMicroelectronics/STM32CubeIDE_1.15.0/STM32CubeIDE/plugins/com.st.stm32cube.ide.mcu.externaltools.gnu-tools-for-stm32.12.3.rel1.win32_1.0.100.202403111256/tools/bin/../lib/gcc/arm-none-eabi/12.3.1/../../../../arm-none-eabi/lib/thumb/v7e-m+fp/hard\libc_nano.a(libc_a-init.o)
                0x08003c34                __libc_init_array
 .text.__retarget_lock_acquire_recursive
                0x08003c7c        0x2 C:/Program Files/STMicroelectronics/STM32CubeIDE_1.15.0/STM32CubeIDE/plugins/com.st.stm32cube.ide.mcu.externaltools.gnu-tools-for-stm32.12.3.rel1.win32_1.0.100.202403111256/tools/bin/../lib/gcc/arm-none-eabi/12.3.1/../../../../arm-none-eabi/lib/thumb/v7e-m+fp/hard\libc_nano.a(libc_a-lock.o)
                0x08003c7c                __retarget_lock_acquire_recursive
 .text.__retarget_lock_release_recursive
                0x08003c7e        0x2 C:/Program Files/STMicroelectronics/STM32CubeIDE_1.15.0/STM32CubeIDE/plugins/com.st.stm32cube.ide.mcu.externaltools.gnu-tools-for-stm32.12.3.rel1.win32_1.0.100.202403111256/tools/bin/../lib/gcc/arm-none-eabi/12.3.1/../../../../arm-none-eabi/lib/thumb/v7e-m+fp/hard\libc_nano.a(libc_a-lock.o)
                0x08003c7e                __retarget_lock_release_recursive
 .text.memcpy   0x08003c80       0x1c C:/Program Files/STMicroelectronics/STM32CubeIDE_1.15.0/STM32CubeIDE/plugins/com.st.stm32cube.ide.mcu.externaltools.gnu-tools-for-stm32.12.3.rel1.win32_1.0.100.202403111256/tools/bin/../lib/gcc/arm-none-eabi/12.3.1/../../../../arm-none-eabi/lib/thumb/v7e-m+fp/hard\libc_nano.a(libc_a-memcpy-stub.o)
                0x08003c80                memcpy
 .text._free_r  0x08003c9c       0x94 C:/Program Files/STMicroelectronics/STM32CubeIDE_1.15.0/STM32CubeIDE/plugins/com.st.stm32cube.ide.mcu.externaltools.gnu-tools-for-stm32.12.3.rel1.win32_1.0.100.202403111256/tools/bin/../lib/gcc/arm-none-eabi/12.3.1/../../../../arm-none-eabi/lib/thumb/v7e-m+fp/hard\libc_nano.a(libc_a-freer.o)
                0x08003c9c                _free_r
 .text.sbrk_aligned
                0x08003d30       0x44 C:/Program Files/STMicroelectronics/STM32CubeIDE_1.15.0/STM32CubeIDE/plugins/com.st.stm32cube.ide.mcu.externaltools.gnu-tools-for-stm32.12.3.rel1.win32_1.0.100.202403111256/tools/bin/../lib/gcc/arm-none-eabi/12.3.1/../../../../arm-none-eabi/lib/thumb/v7e-m+fp/hard\libc_nano.a(libc_a-mallocr.o)
 .text._malloc_r
                0x08003d74      0x100 C:/Program Files/STMicroelectronics/STM32CubeIDE_1.15.0/STM32CubeIDE/plugins/com.st.stm32cube.ide.mcu.externaltools.gnu-tools-for-stm32.12.3.rel1.win32_1.0.100.202403111256/tools/bin/../lib/gcc/arm-none-eabi/12.3.1/../../../../arm-none-eabi/lib/thumb/v7e-m+fp/hard\libc_nano.a(libc_a-mallocr.o)
                0x08003d74                _malloc_r
 .text.__malloc_lock
                0x08003e74        0xc C:/Program Files/STMicroelectronics/STM32CubeIDE_1.15.0/STM32CubeIDE/plugins/com.st.stm32cube.ide.mcu.externaltools.gnu-tools-for-stm32.12.3.rel1.win32_1.0.100.202403111256/tools/bin/../lib/gcc/arm-none-eabi/12.3.1/../../../../arm-none-eabi/lib/thumb/v7e-m+fp/hard\libc_nano.a(libc_a-mlock.o)
                0x08003e74                __malloc_lock
 .text.__malloc_unlock
                0x08003e80        0xc C:/Program Files/STMicroelectronics/STM32CubeIDE_1.15.0/STM32CubeIDE/plugins/com.st.stm32cube.ide.mcu.externaltools.gnu-tools-for-stm32.12.3.rel1.win32_1.0.100.202403111256/tools/bin/../lib/gcc/arm-none-eabi/12.3.1/../../../../arm-none-eabi/lib/thumb/v7e-m+fp/hard\libc_nano.a(libc_a-mlock.o)
                0x08003e80                __malloc_unlock
 .text.__ssputs_r
                0x08003e8c       0xb6 C:/Program Files/STMicroelectronics/STM32CubeIDE_1.15.0/STM32CubeIDE/plugins/com.st.stm32cube.ide.mcu.externaltools.gnu-tools-for-stm32.12.3.rel1.win32_1.0.100.202403111256/tools/bin/../lib/gcc/arm-none-eabi/12.3.1/../../../../arm-none-eabi/lib/thumb/v7e-m+fp/hard\libc_nano.a(libc_a-nano-svfprintf.o)
                0x08003e8c                __ssputs_r
 *fill*         0x08003f42        0x2 
 .text._svfprintf_r
                0x08003f44      0x1f8 C:/Program Files/STMicroelectronics/STM32CubeIDE_1.15.0/STM32CubeIDE/plugins/com.st.stm32cube.ide.mcu.externaltools.gnu-tools-for-stm32.12.3.rel1.win32_1.0.100.202403111256/tools/bin/../lib/gcc/arm-none-eabi/12.3.1/../../../../arm-none-eabi/lib/thumb/v7e-m+fp/hard\libc_nano.a(libc_a-nano-svfprintf.o)
                0x08003f44                _svfiprintf_r
                0x08003f44                _svfprintf_r
 .text._printf_common
                0x0800413c       0xda C:/Program Files/STMicroelectronics/STM32CubeIDE_1.15.0/STM32CubeIDE/plugins/com.st.stm32cube.ide.mcu.externaltools.gnu-tools-for-stm32.12.3.rel1.win32_1.0.100.202403111256/tools/bin/../lib/gcc/arm-none-eabi/12.3.1/../../../../arm-none-eabi/lib/thumb/v7e-m+fp/hard\libc_nano.a(libc_a-nano-vfprintf_i.o)
                0x0800413c                _printf_common
 *fill*         0x08004216        0x2 
 .text._printf_i
                0x08004218      0x240 C:/Program Files/STMicroelectronics/STM32CubeIDE_1.15.0/STM32CubeIDE/plugins/com.st.stm32cube.ide.mcu.externaltools.gnu-tools-for-stm32.12.3.rel1.win32_1.0.100.202403111256/tools/bin/../lib/gcc/arm-none-eabi/12.3.1/../../../../arm-none-eabi/lib/thumb/v7e-m+fp/hard\libc_nano.a(libc_a-nano-vfprintf_i.o)
                0x08004218                _printf_i
 .text.memmove  0x08004458       0x34 C:/Program Files/STMicroelectronics/STM32CubeIDE_1.15.0/STM32CubeIDE/plugins/com.st.stm32cube.ide.mcu.externaltools.gnu-tools-for-stm32.12.3.rel1.win32_1.0.100.202403111256/tools/bin/../lib/gcc/arm-none-eabi/12.3.1/../../../../arm-none-eabi/lib/thumb/v7e-m+fp/hard\libc_nano.a(libc_a-memmove.o)
                0x08004458                memmove
 .text._sbrk_r  0x0800448c       0x20 C:/Program Files/STMicroelectronics/STM32CubeIDE_1.15.0/STM32CubeIDE/plugins/com.st.stm32cube.ide.mcu.externaltools.gnu-tools-for-stm32.12.3.rel1.win32_1.0.100.202403111256/tools/bin/../lib/gcc/arm-none-eabi/12.3.1/../../../../arm-none-eabi/lib/thumb/v7e-m+fp/hard\libc_nano.a(libc_a-sbrkr.o)
                0x0800448c                _sbrk_r
 .text._realloc_r
                0x080044ac       0x5c C:/Program Files/STMicroelectronics/STM32CubeIDE_1.15.0/STM32CubeIDE/plugins/com.st.stm32cube.ide.mcu.externaltools.gnu-tools-for-stm32.12.3.rel1.win32_1.0.100.202403111256/tools/bin/../lib/gcc/arm-none-eabi/12.3.1/../../../../arm-none-eabi/lib/thumb/v7e-m+fp/hard\libc_nano.a(libc_a-reallocr.o)
                0x080044ac                _realloc_r
 .text._malloc_usable_size_r
                0x08004508       0x10 C:/Program Files/STMicroelectronics/STM32CubeIDE_1.15.0/STM32CubeIDE/plugins/com.st.stm32cube.ide.mcu.externaltools.gnu-tools-for-stm32.12.3.rel1.win32_1.0.100.202403111256/tools/bin/../lib/gcc/arm-none-eabi/12.3.1/../../../../arm-none-eabi/lib/thumb/v7e-m+fp/hard\libc_nano.a(libc_a-msizer.o)
                0x08004508                _malloc_usable_size_r
 *(.glue_7)
 .glue_7        0x08004518        0x0 linker stubs
 *(.glue_7t)
 .glue_7t       0x08004518        0x0 linker stubs
 *(.eh_frame)
 .eh_frame      0x08004518        0x0 C:/Program Files/STMicroelectronics/STM32CubeIDE_1.15.0/STM32CubeIDE/plugins/com.st.stm32cube.ide.mcu.externaltools.gnu-tools-for-stm32.12.3.rel1.win32_1.0.100.202403111256/tools/bin/../lib/gcc/arm-none-eabi/12.3.1/thumb/v7e-m+fp/hard/crtbegin.o
 *(.init)
 .init          0x08004518        0x4 C:/Program Files/STMicroelectronics/STM32CubeIDE_1.15.0/STM32CubeIDE/plugins/com.st.stm32cube.ide.mcu.externaltools.gnu-tools-for-stm32.12.3.rel1.win32_1.0.100.202403111256/tools/bin/../lib/gcc/arm-none-eabi/12.3.1/thumb/v7e-m+fp/hard/crti.o
                0x08004518                _init
 .init          0x0800451c        0x8 C:/Program Files/STMicroelectronics/STM32CubeIDE_1.15.0/STM32CubeIDE/plugins/com.st.stm32cube.ide.mcu.externaltools.gnu-tools-for-stm32.12.3.rel1.win32_1.0.100.202403111256/tools/bin/../lib/gcc/arm-none-eabi/12.3.1/thumb/v7e-m+fp/hard/crtn.o
 *(.fini)
 .fini          0x08004524        0x4 C:/Program Files/STMicroelectronics/STM32CubeIDE_1.15.0/STM32CubeIDE/plugins/com.st.stm32cube.ide.mcu.externaltools.gnu-tools-for-stm32.12.3.rel1.win32_1.0.100.202403111256/tools/bin/../lib/gcc/arm-none-eabi/12.3.1/thumb/v7e-m+fp/hard/crti.o
                0x08004524                _fini
 .fini          0x08004528        0x8 C:/Program Files/STMicroelectronics/STM32CubeIDE_1.15.0/STM32CubeIDE/plugins/com.st.stm32cube.ide.mcu.externaltools.gnu-tools-for-stm32.12.3.rel1.win32_1.0.100.202403111256/tools/bin/../lib/gcc/arm-none-eabi/12.3.1/thumb/v7e-m+fp/hard/crtn.o
                0x08004530                        . = ALIGN (0x4)
                0x08004530                        _etext = .

.vfp11_veneer   0x08004530        0x0
 .vfp11_veneer  0x08004530        0x0 linker stubs

.v4_bx          0x08004530        0x0
 .v4_bx         0x08004530        0x0 linker stubs

.iplt           0x08004530        0x0
 .iplt          0x08004530        0x0 C:/Program Files/STMicroelectronics/STM32CubeIDE_1.15.0/STM32CubeIDE/plugins/com.st.stm32cube.ide.mcu.externaltools.gnu-tools-for-stm32.12.3.rel1.win32_1.0.100.202403111256/tools/bin/../lib/gcc/arm-none-eabi/12.3.1/thumb/v7e-m+fp/hard/crtbegin.o

.rodata         0x08004530     0x1998
                0x08004530                        . = ALIGN (0x4)
 *(.rodata)
 .rodata        0x08004530       0x98 ./Core/Src/main.o
 *(.rodata*)
 .rodata.AHBPrescTable
                0x080045c8       0x10 ./Core/Src/system_stm32l4xx.o
                0x080045c8                AHBPrescTable
 .rodata.MSIRangeTable
                0x080045d8       0x30 ./Core/Src/system_stm32l4xx.o
                0x080045d8                MSIRangeTable
 .rodata.Font7x10
                0x08004608      0x76c ./Drivers/OLED/ssd1306_fonts.o
 .rodata.Font6x8
                0x08004d74      0x5f0 ./Drivers/OLED/ssd1306_fonts.o
 .rodata.hat_small
                0x08005364       0xc8 ./Drivers/OLED/ssd1306_fonts.o
                0x08005364                hat_small
 .rodata.flower_shop
                0x0800542c       0xc8 ./Drivers/OLED/ssd1306_fonts.o
                0x0800542c                flower_shop
 .rodata.chick_love_01
                0x080054f4      0x180 ./Drivers/OLED/ssd1306_fonts.o
                0x080054f4                chick_love_01
 .rodata.chick_sad_01
                0x08005674      0x180 ./Drivers/OLED/ssd1306_fonts.o
                0x08005674                chick_sad_01
 .rodata.chick_01
                0x080057f4      0x180 ./Drivers/OLED/ssd1306_fonts.o
                0x080057f4                chick_01
 .rodata.hat_chick
                0x08005974      0x1d0 ./Drivers/OLED/ssd1306_fonts.o
                0x08005974                hat_chick
 .rodata.hat_flower_chick
                0x08005b44      0x1d0 ./Drivers/OLED/ssd1306_fonts.o
                0x08005b44                hat_flower_chick
 .rodata.flower_chick
                0x08005d14      0x180 ./Drivers/OLED/ssd1306_fonts.o
                0x08005d14                flower_chick
 .rodata._svfprintf_r.str1.1
                0x08005e94       0x11 C:/Program Files/STMicroelectronics/STM32CubeIDE_1.15.0/STM32CubeIDE/plugins/com.st.stm32cube.ide.mcu.externaltools.gnu-tools-for-stm32.12.3.rel1.win32_1.0.100.202403111256/tools/bin/../lib/gcc/arm-none-eabi/12.3.1/../../../../arm-none-eabi/lib/thumb/v7e-m+fp/hard\libc_nano.a(libc_a-nano-svfprintf.o)
 .rodata._printf_i.str1.1
                0x08005ea5       0x22 C:/Program Files/STMicroelectronics/STM32CubeIDE_1.15.0/STM32CubeIDE/plugins/com.st.stm32cube.ide.mcu.externaltools.gnu-tools-for-stm32.12.3.rel1.win32_1.0.100.202403111256/tools/bin/../lib/gcc/arm-none-eabi/12.3.1/../../../../arm-none-eabi/lib/thumb/v7e-m+fp/hard\libc_nano.a(libc_a-nano-vfprintf_i.o)
                0x08005ec8                        . = ALIGN (0x4)
 *fill*         0x08005ec7        0x1 

.ARM.extab      0x08005ec8        0x0
                0x08005ec8                        . = ALIGN (0x4)
 *(.ARM.extab* .gnu.linkonce.armextab.*)
                0x08005ec8                        . = ALIGN (0x4)

.ARM            0x08005ec8        0x8
                0x08005ec8                        . = ALIGN (0x4)
                0x08005ec8                        __exidx_start = .
 *(.ARM.exidx*)
 .ARM.exidx     0x08005ec8        0x8 C:/Program Files/STMicroelectronics/STM32CubeIDE_1.15.0/STM32CubeIDE/plugins/com.st.stm32cube.ide.mcu.externaltools.gnu-tools-for-stm32.12.3.rel1.win32_1.0.100.202403111256/tools/bin/../lib/gcc/arm-none-eabi/12.3.1/../../../../arm-none-eabi/lib/thumb/v7e-m+fp/hard\libc_nano.a(libc_a-memchr.o)
                0x08005ed0                        __exidx_end = .
                0x08005ed0                        . = ALIGN (0x4)

.rel.dyn        0x08005ed0        0x0
 .rel.iplt      0x08005ed0        0x0 C:/Program Files/STMicroelectronics/STM32CubeIDE_1.15.0/STM32CubeIDE/plugins/com.st.stm32cube.ide.mcu.externaltools.gnu-tools-for-stm32.12.3.rel1.win32_1.0.100.202403111256/tools/bin/../lib/gcc/arm-none-eabi/12.3.1/thumb/v7e-m+fp/hard/crtbegin.o

.preinit_array  0x08005ed0        0x0
                0x08005ed0                        . = ALIGN (0x4)
                0x08005ed0                        PROVIDE (__preinit_array_start = .)
 *(.preinit_array*)
                0x08005ed0                        PROVIDE (__preinit_array_end = .)
                0x08005ed0                        . = ALIGN (0x4)

.init_array     0x08005ed0        0x4
                0x08005ed0                        . = ALIGN (0x4)
                0x08005ed0                        PROVIDE (__init_array_start = .)
 *(SORT_BY_NAME(.init_array.*))
 *(.init_array*)
 .init_array    0x08005ed0        0x4 C:/Program Files/STMicroelectronics/STM32CubeIDE_1.15.0/STM32CubeIDE/plugins/com.st.stm32cube.ide.mcu.externaltools.gnu-tools-for-stm32.12.3.rel1.win32_1.0.100.202403111256/tools/bin/../lib/gcc/arm-none-eabi/12.3.1/thumb/v7e-m+fp/hard/crtbegin.o
                0x08005ed4                        PROVIDE (__init_array_end = .)
                0x08005ed4                        . = ALIGN (0x4)

.fini_array     0x08005ed4        0x4
                0x08005ed4                        . = ALIGN (0x4)
                [!provide]                        PROVIDE (__fini_array_start = .)
 *(SORT_BY_NAME(.fini_array.*))
 *(.fini_array*)
 .fini_array    0x08005ed4        0x4 C:/Program Files/STMicroelectronics/STM32CubeIDE_1.15.0/STM32CubeIDE/plugins/com.st.stm32cube.ide.mcu.externaltools.gnu-tools-for-stm32.12.3.rel1.win32_1.0.100.202403111256/tools/bin/../lib/gcc/arm-none-eabi/12.3.1/thumb/v7e-m+fp/hard/crtbegin.o
                [!provide]                        PROVIDE (__fini_array_end = .)
                0x08005ed8                        . = ALIGN (0x4)
                0x08005ed8                        _sidata = LOADADDR (.data)

.data           0x20000000       0x8c load address 0x08005ed8
                0x20000000                        . = ALIGN (0x4)
                0x20000000                        _sdata = .
 *(.data)
 *(.data*)
 .data.SystemCoreClock
                0x20000000        0x4 ./Core/Src/system_stm32l4xx.o
                0x20000000                SystemCoreClock
 .data.Font_6x8
                0x20000004        0x8 ./Drivers/OLED/ssd1306_fonts.o
                0x20000004                Font_6x8
 .data.Font_7x10
                0x2000000c        0x8 ./Drivers/OLED/ssd1306_fonts.o
                0x2000000c                Font_7x10
 .data.uwTickPrio
                0x20000014        0x4 ./Drivers/STM32L4xx_HAL_Driver/Src/stm32l4xx_hal.o
                0x20000014                uwTickPrio
 .data.uwTickFreq
                0x20000018        0x1 ./Drivers/STM32L4xx_HAL_Driver/Src/stm32l4xx_hal.o
                0x20000018                uwTickFreq
 *fill*         0x20000019        0x3 
 .data.pFlash   0x2000001c       0x20 ./Drivers/STM32L4xx_HAL_Driver/Src/stm32l4xx_hal_flash.o
                0x2000001c                pFlash
 .data._impure_ptr
                0x2000003c        0x4 C:/Program Files/STMicroelectronics/STM32CubeIDE_1.15.0/STM32CubeIDE/plugins/com.st.stm32cube.ide.mcu.externaltools.gnu-tools-for-stm32.12.3.rel1.win32_1.0.100.202403111256/tools/bin/../lib/gcc/arm-none-eabi/12.3.1/../../../../arm-none-eabi/lib/thumb/v7e-m+fp/hard\libc_nano.a(libc_a-impure.o)
                0x2000003c                _impure_ptr
 .data._impure_data
                0x20000040       0x4c C:/Program Files/STMicroelectronics/STM32CubeIDE_1.15.0/STM32CubeIDE/plugins/com.st.stm32cube.ide.mcu.externaltools.gnu-tools-for-stm32.12.3.rel1.win32_1.0.100.202403111256/tools/bin/../lib/gcc/arm-none-eabi/12.3.1/../../../../arm-none-eabi/lib/thumb/v7e-m+fp/hard\libc_nano.a(libc_a-impure.o)
                0x20000040                _impure_data
 *(.RamFunc)
 *(.RamFunc*)
                0x2000008c                        . = ALIGN (0x4)
                0x2000008c                        _edata = .

.igot.plt       0x2000008c        0x0 load address 0x08005f64
 .igot.plt      0x2000008c        0x0 C:/Program Files/STMicroelectronics/STM32CubeIDE_1.15.0/STM32CubeIDE/plugins/com.st.stm32cube.ide.mcu.externaltools.gnu-tools-for-stm32.12.3.rel1.win32_1.0.100.202403111256/tools/bin/../lib/gcc/arm-none-eabi/12.3.1/thumb/v7e-m+fp/hard/crtbegin.o
                0x2000008c                        . = ALIGN (0x4)

.bss            0x2000008c      0x648 load address 0x08005f64
                0x2000008c                        _sbss = .
                0x2000008c                        __bss_start__ = _sbss
 *(.bss)
 .bss           0x2000008c       0x1c C:/Program Files/STMicroelectronics/STM32CubeIDE_1.15.0/STM32CubeIDE/plugins/com.st.stm32cube.ide.mcu.externaltools.gnu-tools-for-stm32.12.3.rel1.win32_1.0.100.202403111256/tools/bin/../lib/gcc/arm-none-eabi/12.3.1/thumb/v7e-m+fp/hard/crtbegin.o
 *(.bss*)
 .bss.menu_Cursor
                0x200000a8        0x1 ./Core/Src/main.o
                0x200000a8                menu_Cursor
 .bss.shop_Cursor
                0x200000a9        0x1 ./Core/Src/main.o
                0x200000a9                shop_Cursor
 *fill*         0x200000aa        0x2 
 .bss.saved_stats
                0x200000ac        0x4 ./Core/Src/main.o
                0x200000ac                saved_stats
 .bss.joystick  0x200000b0        0x4 ./Core/Src/main.o
                0x200000b0                joystick
 .bss.hspi1     0x200000b4       0x64 ./Core/Src/main.o
                0x200000b4                hspi1
 .bss.hspi3     0x20000118       0x64 ./Core/Src/main.o
                0x20000118                hspi3
 .bss.__sbrk_heap_end
                0x2000017c        0x4 ./Core/Src/sysmem.o
 .bss.SSD1306_Buffer
                0x20000180      0x400 ./Drivers/OLED/ssd1306.o
 .bss.SSD1306   0x20000580        0x6 ./Drivers/OLED/ssd1306.o
 *fill*         0x20000586        0x2 
 .bss.uwTick    0x20000588        0x4 ./Drivers/STM32L4xx_HAL_Driver/Src/stm32l4xx_hal.o
                0x20000588                uwTick
 .bss.__sf      0x2000058c      0x138 C:/Program Files/STMicroelectronics/STM32CubeIDE_1.15.0/STM32CubeIDE/plugins/com.st.stm32cube.ide.mcu.externaltools.gnu-tools-for-stm32.12.3.rel1.win32_1.0.100.202403111256/tools/bin/../lib/gcc/arm-none-eabi/12.3.1/../../../../arm-none-eabi/lib/thumb/v7e-m+fp/hard\libc_nano.a(libc_a-findfp.o)
                0x2000058c                __sf
 .bss.errno     0x200006c4        0x4 C:/Program Files/STMicroelectronics/STM32CubeIDE_1.15.0/STM32CubeIDE/plugins/com.st.stm32cube.ide.mcu.externaltools.gnu-tools-for-stm32.12.3.rel1.win32_1.0.100.202403111256/tools/bin/../lib/gcc/arm-none-eabi/12.3.1/../../../../arm-none-eabi/lib/thumb/v7e-m+fp/hard\libc_nano.a(libc_a-reent.o)
                0x200006c4                errno
 .bss.__lock___malloc_recursive_mutex
                0x200006c8        0x1 C:/Program Files/STMicroelectronics/STM32CubeIDE_1.15.0/STM32CubeIDE/plugins/com.st.stm32cube.ide.mcu.externaltools.gnu-tools-for-stm32.12.3.rel1.win32_1.0.100.202403111256/tools/bin/../lib/gcc/arm-none-eabi/12.3.1/../../../../arm-none-eabi/lib/thumb/v7e-m+fp/hard\libc_nano.a(libc_a-lock.o)
                0x200006c8                __lock___malloc_recursive_mutex
 *fill*         0x200006c9        0x3 
 .bss.__malloc_sbrk_start
                0x200006cc        0x4 C:/Program Files/STMicroelectronics/STM32CubeIDE_1.15.0/STM32CubeIDE/plugins/com.st.stm32cube.ide.mcu.externaltools.gnu-tools-for-stm32.12.3.rel1.win32_1.0.100.202403111256/tools/bin/../lib/gcc/arm-none-eabi/12.3.1/../../../../arm-none-eabi/lib/thumb/v7e-m+fp/hard\libc_nano.a(libc_a-mallocr.o)
                0x200006cc                __malloc_sbrk_start
 .bss.__malloc_free_list
                0x200006d0        0x4 C:/Program Files/STMicroelectronics/STM32CubeIDE_1.15.0/STM32CubeIDE/plugins/com.st.stm32cube.ide.mcu.externaltools.gnu-tools-for-stm32.12.3.rel1.win32_1.0.100.202403111256/tools/bin/../lib/gcc/arm-none-eabi/12.3.1/../../../../arm-none-eabi/lib/thumb/v7e-m+fp/hard\libc_nano.a(libc_a-mallocr.o)
                0x200006d0                __malloc_free_list
 *(COMMON)
                0x200006d4                        . = ALIGN (0x4)
                0x200006d4                        _ebss = .
                0x200006d4                        __bss_end__ = _ebss

._user_heap_stack
                0x200006d4      0x604 load address 0x08005f64
                0x200006d8                        . = ALIGN (0x8)
 *fill*         0x200006d4        0x4 
                [!provide]                        PROVIDE (end = .)
                0x200006d8                        PROVIDE (_end = .)
                0x200008d8                        . = (. + _Min_Heap_Size)
 *fill*         0x200006d8      0x200 
                0x20000cd8                        . = (. + _Min_Stack_Size)
 *fill*         0x200008d8      0x400 
                0x20000cd8                        . = ALIGN (0x8)

/DISCARD/
 libc.a(*)
 libm.a(*)
 libgcc.a(*)

.ARM.attributes
                0x00000000       0x30
 *(.ARM.attributes)
 .ARM.attributes
                0x00000000       0x22 C:/Program Files/STMicroelectronics/STM32CubeIDE_1.15.0/STM32CubeIDE/plugins/com.st.stm32cube.ide.mcu.externaltools.gnu-tools-for-stm32.12.3.rel1.win32_1.0.100.202403111256/tools/bin/../lib/gcc/arm-none-eabi/12.3.1/thumb/v7e-m+fp/hard/crti.o
 .ARM.attributes
                0x00000022       0x34 C:/Program Files/STMicroelectronics/STM32CubeIDE_1.15.0/STM32CubeIDE/plugins/com.st.stm32cube.ide.mcu.externaltools.gnu-tools-for-stm32.12.3.rel1.win32_1.0.100.202403111256/tools/bin/../lib/gcc/arm-none-eabi/12.3.1/thumb/v7e-m+fp/hard/crtbegin.o
 .ARM.attributes
                0x00000056       0x34 ./Core/Src/main.o
 .ARM.attributes
                0x0000008a       0x34 ./Core/Src/stm32l4xx_hal_msp.o
 .ARM.attributes
                0x000000be       0x34 ./Core/Src/stm32l4xx_it.o
 .ARM.attributes
                0x000000f2       0x34 ./Core/Src/sysmem.o
 .ARM.attributes
                0x00000126       0x34 ./Core/Src/system_stm32l4xx.o
 .ARM.attributes
                0x0000015a       0x21 ./Core/Startup/startup_stm32l432kcux.o
 .ARM.attributes
                0x0000017b       0x34 ./Drivers/OLED/ssd1306.o
 .ARM.attributes
                0x000001af       0x34 ./Drivers/OLED/ssd1306_fonts.o
 .ARM.attributes
                0x000001e3       0x34 ./Drivers/STM32L4xx_HAL_Driver/Src/stm32l4xx_hal.o
 .ARM.attributes
                0x00000217       0x34 ./Drivers/STM32L4xx_HAL_Driver/Src/stm32l4xx_hal_cortex.o
 .ARM.attributes
                0x0000024b       0x34 ./Drivers/STM32L4xx_HAL_Driver/Src/stm32l4xx_hal_flash.o
 .ARM.attributes
                0x0000027f       0x34 ./Drivers/STM32L4xx_HAL_Driver/Src/stm32l4xx_hal_flash_ex.o
 .ARM.attributes
                0x000002b3       0x34 ./Drivers/STM32L4xx_HAL_Driver/Src/stm32l4xx_hal_gpio.o
 .ARM.attributes
                0x000002e7       0x34 ./Drivers/STM32L4xx_HAL_Driver/Src/stm32l4xx_hal_pwr_ex.o
 .ARM.attributes
                0x0000031b       0x34 ./Drivers/STM32L4xx_HAL_Driver/Src/stm32l4xx_hal_rcc.o
 .ARM.attributes
                0x0000034f       0x34 ./Drivers/STM32L4xx_HAL_Driver/Src/stm32l4xx_hal_spi.o
 .ARM.attributes
                0x00000383       0x34 C:/Program Files/STMicroelectronics/STM32CubeIDE_1.15.0/STM32CubeIDE/plugins/com.st.stm32cube.ide.mcu.externaltools.gnu-tools-for-stm32.12.3.rel1.win32_1.0.100.202403111256/tools/bin/../lib/gcc/arm-none-eabi/12.3.1/../../../../arm-none-eabi/lib/thumb/v7e-m+fp/hard\libc_nano.a(libc_a-findfp.o)
 .ARM.attributes
                0x000003b7       0x34 C:/Program Files/STMicroelectronics/STM32CubeIDE_1.15.0/STM32CubeIDE/plugins/com.st.stm32cube.ide.mcu.externaltools.gnu-tools-for-stm32.12.3.rel1.win32_1.0.100.202403111256/tools/bin/../lib/gcc/arm-none-eabi/12.3.1/../../../../arm-none-eabi/lib/thumb/v7e-m+fp/hard\libc_nano.a(libc_a-sprintf.o)
 .ARM.attributes
                0x000003eb       0x34 C:/Program Files/STMicroelectronics/STM32CubeIDE_1.15.0/STM32CubeIDE/plugins/com.st.stm32cube.ide.mcu.externaltools.gnu-tools-for-stm32.12.3.rel1.win32_1.0.100.202403111256/tools/bin/../lib/gcc/arm-none-eabi/12.3.1/../../../../arm-none-eabi/lib/thumb/v7e-m+fp/hard\libc_nano.a(libc_a-memset.o)
 .ARM.attributes
                0x0000041f       0x34 C:/Program Files/STMicroelectronics/STM32CubeIDE_1.15.0/STM32CubeIDE/plugins/com.st.stm32cube.ide.mcu.externaltools.gnu-tools-for-stm32.12.3.rel1.win32_1.0.100.202403111256/tools/bin/../lib/gcc/arm-none-eabi/12.3.1/../../../../arm-none-eabi/lib/thumb/v7e-m+fp/hard\libc_nano.a(libc_a-reent.o)
 .ARM.attributes
                0x00000453       0x34 C:/Program Files/STMicroelectronics/STM32CubeIDE_1.15.0/STM32CubeIDE/plugins/com.st.stm32cube.ide.mcu.externaltools.gnu-tools-for-stm32.12.3.rel1.win32_1.0.100.202403111256/tools/bin/../lib/gcc/arm-none-eabi/12.3.1/../../../../arm-none-eabi/lib/thumb/v7e-m+fp/hard\libc_nano.a(libc_a-impure.o)
 .ARM.attributes
                0x00000487       0x34 C:/Program Files/STMicroelectronics/STM32CubeIDE_1.15.0/STM32CubeIDE/plugins/com.st.stm32cube.ide.mcu.externaltools.gnu-tools-for-stm32.12.3.rel1.win32_1.0.100.202403111256/tools/bin/../lib/gcc/arm-none-eabi/12.3.1/../../../../arm-none-eabi/lib/thumb/v7e-m+fp/hard\libc_nano.a(libc_a-errno.o)
 .ARM.attributes
                0x000004bb       0x34 C:/Program Files/STMicroelectronics/STM32CubeIDE_1.15.0/STM32CubeIDE/plugins/com.st.stm32cube.ide.mcu.externaltools.gnu-tools-for-stm32.12.3.rel1.win32_1.0.100.202403111256/tools/bin/../lib/gcc/arm-none-eabi/12.3.1/../../../../arm-none-eabi/lib/thumb/v7e-m+fp/hard\libc_nano.a(libc_a-init.o)
 .ARM.attributes
                0x000004ef       0x34 C:/Program Files/STMicroelectronics/STM32CubeIDE_1.15.0/STM32CubeIDE/plugins/com.st.stm32cube.ide.mcu.externaltools.gnu-tools-for-stm32.12.3.rel1.win32_1.0.100.202403111256/tools/bin/../lib/gcc/arm-none-eabi/12.3.1/../../../../arm-none-eabi/lib/thumb/v7e-m+fp/hard\libc_nano.a(libc_a-lock.o)
 .ARM.attributes
                0x00000523       0x34 C:/Program Files/STMicroelectronics/STM32CubeIDE_1.15.0/STM32CubeIDE/plugins/com.st.stm32cube.ide.mcu.externaltools.gnu-tools-for-stm32.12.3.rel1.win32_1.0.100.202403111256/tools/bin/../lib/gcc/arm-none-eabi/12.3.1/../../../../arm-none-eabi/lib/thumb/v7e-m+fp/hard\libc_nano.a(libc_a-memcpy-stub.o)
 .ARM.attributes
                0x00000557       0x34 C:/Program Files/STMicroelectronics/STM32CubeIDE_1.15.0/STM32CubeIDE/plugins/com.st.stm32cube.ide.mcu.externaltools.gnu-tools-for-stm32.12.3.rel1.win32_1.0.100.202403111256/tools/bin/../lib/gcc/arm-none-eabi/12.3.1/../../../../arm-none-eabi/lib/thumb/v7e-m+fp/hard\libc_nano.a(libc_a-freer.o)
 .ARM.attributes
                0x0000058b       0x34 C:/Program Files/STMicroelectronics/STM32CubeIDE_1.15.0/STM32CubeIDE/plugins/com.st.stm32cube.ide.mcu.externaltools.gnu-tools-for-stm32.12.3.rel1.win32_1.0.100.202403111256/tools/bin/../lib/gcc/arm-none-eabi/12.3.1/../../../../arm-none-eabi/lib/thumb/v7e-m+fp/hard\libc_nano.a(libc_a-mallocr.o)
 .ARM.attributes
                0x000005bf       0x34 C:/Program Files/STMicroelectronics/STM32CubeIDE_1.15.0/STM32CubeIDE/plugins/com.st.stm32cube.ide.mcu.externaltools.gnu-tools-for-stm32.12.3.rel1.win32_1.0.100.202403111256/tools/bin/../lib/gcc/arm-none-eabi/12.3.1/../../../../arm-none-eabi/lib/thumb/v7e-m+fp/hard\libc_nano.a(libc_a-mlock.o)
 .ARM.attributes
                0x000005f3       0x34 C:/Program Files/STMicroelectronics/STM32CubeIDE_1.15.0/STM32CubeIDE/plugins/com.st.stm32cube.ide.mcu.externaltools.gnu-tools-for-stm32.12.3.rel1.win32_1.0.100.202403111256/tools/bin/../lib/gcc/arm-none-eabi/12.3.1/../../../../arm-none-eabi/lib/thumb/v7e-m+fp/hard\libc_nano.a(libc_a-nano-svfprintf.o)
 .ARM.attributes
                0x00000627       0x34 C:/Program Files/STMicroelectronics/STM32CubeIDE_1.15.0/STM32CubeIDE/plugins/com.st.stm32cube.ide.mcu.externaltools.gnu-tools-for-stm32.12.3.rel1.win32_1.0.100.202403111256/tools/bin/../lib/gcc/arm-none-eabi/12.3.1/../../../../arm-none-eabi/lib/thumb/v7e-m+fp/hard\libc_nano.a(libc_a-nano-vfprintf_i.o)
 .ARM.attributes
                0x0000065b       0x34 C:/Program Files/STMicroelectronics/STM32CubeIDE_1.15.0/STM32CubeIDE/plugins/com.st.stm32cube.ide.mcu.externaltools.gnu-tools-for-stm32.12.3.rel1.win32_1.0.100.202403111256/tools/bin/../lib/gcc/arm-none-eabi/12.3.1/../../../../arm-none-eabi/lib/thumb/v7e-m+fp/hard\libc_nano.a(libc_a-memmove.o)
 .ARM.attributes
                0x0000068f       0x34 C:/Program Files/STMicroelectronics/STM32CubeIDE_1.15.0/STM32CubeIDE/plugins/com.st.stm32cube.ide.mcu.externaltools.gnu-tools-for-stm32.12.3.rel1.win32_1.0.100.202403111256/tools/bin/../lib/gcc/arm-none-eabi/12.3.1/../../../../arm-none-eabi/lib/thumb/v7e-m+fp/hard\libc_nano.a(libc_a-sbrkr.o)
 .ARM.attributes
                0x000006c3       0x1c C:/Program Files/STMicroelectronics/STM32CubeIDE_1.15.0/STM32CubeIDE/plugins/com.st.stm32cube.ide.mcu.externaltools.gnu-tools-for-stm32.12.3.rel1.win32_1.0.100.202403111256/tools/bin/../lib/gcc/arm-none-eabi/12.3.1/../../../../arm-none-eabi/lib/thumb/v7e-m+fp/hard\libc_nano.a(libc_a-memchr.o)
 .ARM.attributes
                0x000006df       0x34 C:/Program Files/STMicroelectronics/STM32CubeIDE_1.15.0/STM32CubeIDE/plugins/com.st.stm32cube.ide.mcu.externaltools.gnu-tools-for-stm32.12.3.rel1.win32_1.0.100.202403111256/tools/bin/../lib/gcc/arm-none-eabi/12.3.1/../../../../arm-none-eabi/lib/thumb/v7e-m+fp/hard\libc_nano.a(libc_a-reallocr.o)
 .ARM.attributes
                0x00000713       0x34 C:/Program Files/STMicroelectronics/STM32CubeIDE_1.15.0/STM32CubeIDE/plugins/com.st.stm32cube.ide.mcu.externaltools.gnu-tools-for-stm32.12.3.rel1.win32_1.0.100.202403111256/tools/bin/../lib/gcc/arm-none-eabi/12.3.1/../../../../arm-none-eabi/lib/thumb/v7e-m+fp/hard\libc_nano.a(libc_a-msizer.o)
 .ARM.attributes
                0x00000747       0x22 C:/Program Files/STMicroelectronics/STM32CubeIDE_1.15.0/STM32CubeIDE/plugins/com.st.stm32cube.ide.mcu.externaltools.gnu-tools-for-stm32.12.3.rel1.win32_1.0.100.202403111256/tools/bin/../lib/gcc/arm-none-eabi/12.3.1/thumb/v7e-m+fp/hard/crtn.o
OUTPUT(Final_chicken_last.elf elf32-littlearm)
LOAD linker stubs
LOAD C:/Program Files/STMicroelectronics/STM32CubeIDE_1.15.0/STM32CubeIDE/plugins/com.st.stm32cube.ide.mcu.externaltools.gnu-tools-for-stm32.12.3.rel1.win32_1.0.100.202403111256/tools/bin/../lib/gcc/arm-none-eabi/12.3.1/../../../../arm-none-eabi/lib/thumb/v7e-m+fp/hard\libc.a
LOAD C:/Program Files/STMicroelectronics/STM32CubeIDE_1.15.0/STM32CubeIDE/plugins/com.st.stm32cube.ide.mcu.externaltools.gnu-tools-for-stm32.12.3.rel1.win32_1.0.100.202403111256/tools/bin/../lib/gcc/arm-none-eabi/12.3.1/../../../../arm-none-eabi/lib/thumb/v7e-m+fp/hard\libm.a
LOAD C:/Program Files/STMicroelectronics/STM32CubeIDE_1.15.0/STM32CubeIDE/plugins/com.st.stm32cube.ide.mcu.externaltools.gnu-tools-for-stm32.12.3.rel1.win32_1.0.100.202403111256/tools/bin/../lib/gcc/arm-none-eabi/12.3.1/thumb/v7e-m+fp/hard\libgcc.a

.debug_info     0x00000000     0x8da4
 .debug_info    0x00000000     0x1503 ./Core/Src/main.o
 .debug_info    0x00001503      0x989 ./Core/Src/stm32l4xx_hal_msp.o
 .debug_info    0x00001e8c      0x113 ./Core/Src/stm32l4xx_it.o
 .debug_info    0x00001f9f      0x168 ./Core/Src/sysmem.o
 .debug_info    0x00002107      0x5bf ./Core/Src/system_stm32l4xx.o
 .debug_info    0x000026c6       0x30 ./Core/Startup/startup_stm32l432kcux.o
 .debug_info    0x000026f6      0xd94 ./Drivers/OLED/ssd1306.o
 .debug_info    0x0000348a      0x351 ./Drivers/OLED/ssd1306_fonts.o
 .debug_info    0x000037db      0x99e ./Drivers/STM32L4xx_HAL_Driver/Src/stm32l4xx_hal.o
 .debug_info    0x00004179      0xd03 ./Drivers/STM32L4xx_HAL_Driver/Src/stm32l4xx_hal_cortex.o
 .debug_info    0x00004e7c      0x661 ./Drivers/STM32L4xx_HAL_Driver/Src/stm32l4xx_hal_flash.o
 .debug_info    0x000054dd      0x744 ./Drivers/STM32L4xx_HAL_Driver/Src/stm32l4xx_hal_flash_ex.o
 .debug_info    0x00005c21      0x757 ./Drivers/STM32L4xx_HAL_Driver/Src/stm32l4xx_hal_gpio.o
 .debug_info    0x00006378      0x920 ./Drivers/STM32L4xx_HAL_Driver/Src/stm32l4xx_hal_pwr_ex.o
 .debug_info    0x00006c98      0xbc3 ./Drivers/STM32L4xx_HAL_Driver/Src/stm32l4xx_hal_rcc.o
 .debug_info    0x0000785b     0x1549 ./Drivers/STM32L4xx_HAL_Driver/Src/stm32l4xx_hal_spi.o

.debug_abbrev   0x00000000     0x1f58
 .debug_abbrev  0x00000000      0x3b6 ./Core/Src/main.o
 .debug_abbrev  0x000003b6      0x1ae ./Core/Src/stm32l4xx_hal_msp.o
 .debug_abbrev  0x00000564       0x73 ./Core/Src/stm32l4xx_it.o
 .debug_abbrev  0x000005d7       0xbc ./Core/Src/sysmem.o
 .debug_abbrev  0x00000693      0x11a ./Core/Src/system_stm32l4xx.o
 .debug_abbrev  0x000007ad       0x24 ./Core/Startup/startup_stm32l432kcux.o
 .debug_abbrev  0x000007d1      0x332 ./Drivers/OLED/ssd1306.o
 .debug_abbrev  0x00000b03       0xe6 ./Drivers/OLED/ssd1306_fonts.o
 .debug_abbrev  0x00000be9      0x225 ./Drivers/STM32L4xx_HAL_Driver/Src/stm32l4xx_hal.o
 .debug_abbrev  0x00000e0e      0x31c ./Drivers/STM32L4xx_HAL_Driver/Src/stm32l4xx_hal_cortex.o
 .debug_abbrev  0x0000112a      0x312 ./Drivers/STM32L4xx_HAL_Driver/Src/stm32l4xx_hal_flash.o
 .debug_abbrev  0x0000143c      0x22d ./Drivers/STM32L4xx_HAL_Driver/Src/stm32l4xx_hal_flash_ex.o
 .debug_abbrev  0x00001669      0x1cb ./Drivers/STM32L4xx_HAL_Driver/Src/stm32l4xx_hal_gpio.o
 .debug_abbrev  0x00001834      0x1f9 ./Drivers/STM32L4xx_HAL_Driver/Src/stm32l4xx_hal_pwr_ex.o
 .debug_abbrev  0x00001a2d      0x2cb ./Drivers/STM32L4xx_HAL_Driver/Src/stm32l4xx_hal_rcc.o
 .debug_abbrev  0x00001cf8      0x260 ./Drivers/STM32L4xx_HAL_Driver/Src/stm32l4xx_hal_spi.o

.debug_aranges  0x00000000      0x9c8
 .debug_aranges
                0x00000000       0xb8 ./Core/Src/main.o
 .debug_aranges
                0x000000b8       0x30 ./Core/Src/stm32l4xx_hal_msp.o
 .debug_aranges
                0x000000e8       0x60 ./Core/Src/stm32l4xx_it.o
 .debug_aranges
                0x00000148       0x20 ./Core/Src/sysmem.o
 .debug_aranges
                0x00000168       0x28 ./Core/Src/system_stm32l4xx.o
 .debug_aranges
                0x00000190       0x28 ./Core/Startup/startup_stm32l432kcux.o
 .debug_aranges
                0x000001b8       0xc8 ./Drivers/OLED/ssd1306.o
 .debug_aranges
                0x00000280       0x18 ./Drivers/OLED/ssd1306_fonts.o
 .debug_aranges
                0x00000298      0x108 ./Drivers/STM32L4xx_HAL_Driver/Src/stm32l4xx_hal.o
 .debug_aranges
                0x000003a0      0x128 ./Drivers/STM32L4xx_HAL_Driver/Src/stm32l4xx_hal_cortex.o
 .debug_aranges
                0x000004c8       0x88 ./Drivers/STM32L4xx_HAL_Driver/Src/stm32l4xx_hal_flash.o
 .debug_aranges
                0x00000550       0x90 ./Drivers/STM32L4xx_HAL_Driver/Src/stm32l4xx_hal_flash_ex.o
 .debug_aranges
                0x000005e0       0x58 ./Drivers/STM32L4xx_HAL_Driver/Src/stm32l4xx_hal_gpio.o
 .debug_aranges
                0x00000638      0x128 ./Drivers/STM32L4xx_HAL_Driver/Src/stm32l4xx_hal_pwr_ex.o
 .debug_aranges
                0x00000760       0x90 ./Drivers/STM32L4xx_HAL_Driver/Src/stm32l4xx_hal_rcc.o
 .debug_aranges
                0x000007f0      0x1d8 ./Drivers/STM32L4xx_HAL_Driver/Src/stm32l4xx_hal_spi.o

.debug_rnglists
                0x00000000      0x73f
 .debug_rnglists
                0x00000000       0x8e ./Core/Src/main.o
 .debug_rnglists
                0x0000008e       0x20 ./Core/Src/stm32l4xx_hal_msp.o
 .debug_rnglists
                0x000000ae       0x43 ./Core/Src/stm32l4xx_it.o
 .debug_rnglists
                0x000000f1       0x13 ./Core/Src/sysmem.o
 .debug_rnglists
                0x00000104       0x1a ./Core/Src/system_stm32l4xx.o
 .debug_rnglists
                0x0000011e       0x19 ./Core/Startup/startup_stm32l432kcux.o
 .debug_rnglists
                0x00000137       0x96 ./Drivers/OLED/ssd1306.o
 .debug_rnglists
                0x000001cd       0xc1 ./Drivers/STM32L4xx_HAL_Driver/Src/stm32l4xx_hal.o
 .debug_rnglists
                0x0000028e       0xda ./Drivers/STM32L4xx_HAL_Driver/Src/stm32l4xx_hal_cortex.o
 .debug_rnglists
                0x00000368       0x65 ./Drivers/STM32L4xx_HAL_Driver/Src/stm32l4xx_hal_flash.o
 .debug_rnglists
                0x000003cd       0x6f ./Drivers/STM32L4xx_HAL_Driver/Src/stm32l4xx_hal_flash_ex.o
 .debug_rnglists
                0x0000043c       0x3f ./Drivers/STM32L4xx_HAL_Driver/Src/stm32l4xx_hal_gpio.o
 .debug_rnglists
                0x0000047b       0xdf ./Drivers/STM32L4xx_HAL_Driver/Src/stm32l4xx_hal_pwr_ex.o
 .debug_rnglists
                0x0000055a       0x6d ./Drivers/STM32L4xx_HAL_Driver/Src/stm32l4xx_hal_rcc.o
 .debug_rnglists
                0x000005c7      0x178 ./Drivers/STM32L4xx_HAL_Driver/Src/stm32l4xx_hal_spi.o

.debug_macro    0x00000000    0x1fe53
 .debug_macro   0x00000000      0x30d ./Core/Src/main.o
 .debug_macro   0x0000030d      0xab4 ./Core/Src/main.o
 .debug_macro   0x00000dc1      0x1a1 ./Core/Src/main.o
 .debug_macro   0x00000f62       0x2e ./Core/Src/main.o
 .debug_macro   0x00000f90       0x28 ./Core/Src/main.o
 .debug_macro   0x00000fb8       0x22 ./Core/Src/main.o
 .debug_macro   0x00000fda       0x8e ./Core/Src/main.o
 .debug_macro   0x00001068       0x51 ./Core/Src/main.o
 .debug_macro   0x000010b9      0x103 ./Core/Src/main.o
 .debug_macro   0x000011bc       0x6a ./Core/Src/main.o
 .debug_macro   0x00001226      0x1df ./Core/Src/main.o
 .debug_macro   0x00001405       0x1c ./Core/Src/main.o
 .debug_macro   0x00001421       0x22 ./Core/Src/main.o
 .debug_macro   0x00001443       0xfb ./Core/Src/main.o
 .debug_macro   0x0000153e     0x1011 ./Core/Src/main.o
 .debug_macro   0x0000254f      0x11f ./Core/Src/main.o
 .debug_macro   0x0000266e    0x147a6 ./Core/Src/main.o
 .debug_macro   0x00016e14       0x6d ./Core/Src/main.o
 .debug_macro   0x00016e81     0x38fb ./Core/Src/main.o
 .debug_macro   0x0001a77c      0x189 ./Core/Src/main.o
 .debug_macro   0x0001a905       0x5c ./Core/Src/main.o
 .debug_macro   0x0001a961     0x11ca ./Core/Src/main.o
 .debug_macro   0x0001bb2b      0x53c ./Core/Src/main.o
 .debug_macro   0x0001c067      0x1b9 ./Core/Src/main.o
 .debug_macro   0x0001c220      0x122 ./Core/Src/main.o
 .debug_macro   0x0001c342      0x26b ./Core/Src/main.o
 .debug_macro   0x0001c5ad      0x23d ./Core/Src/main.o
 .debug_macro   0x0001c7ea      0x241 ./Core/Src/main.o
 .debug_macro   0x0001ca2b      0x375 ./Core/Src/main.o
 .debug_macro   0x0001cda0       0xd6 ./Core/Src/main.o
 .debug_macro   0x0001ce76      0x122 ./Core/Src/main.o
 .debug_macro   0x0001cf98      0x356 ./Core/Src/main.o
 .debug_macro   0x0001d2ee      0x2fe ./Core/Src/main.o
 .debug_macro   0x0001d5ec      0x220 ./Core/Src/main.o
 .debug_macro   0x0001d80c       0x61 ./Core/Src/main.o
 .debug_macro   0x0001d86d       0x2a ./Core/Src/main.o
 .debug_macro   0x0001d897       0x43 ./Core/Src/main.o
 .debug_macro   0x0001d8da       0x34 ./Core/Src/main.o
 .debug_macro   0x0001d90e       0x6a ./Core/Src/main.o
 .debug_macro   0x0001d978       0x10 ./Core/Src/main.o
 .debug_macro   0x0001d988       0x16 ./Core/Src/main.o
 .debug_macro   0x0001d99e       0x22 ./Core/Src/main.o
 .debug_macro   0x0001d9c0       0x1c ./Core/Src/main.o
 .debug_macro   0x0001d9dc       0x16 ./Core/Src/main.o
 .debug_macro   0x0001d9f2       0x43 ./Core/Src/main.o
 .debug_macro   0x0001da35       0x34 ./Core/Src/main.o
 .debug_macro   0x0001da69       0x10 ./Core/Src/main.o
 .debug_macro   0x0001da79       0x58 ./Core/Src/main.o
 .debug_macro   0x0001dad1       0x8e ./Core/Src/main.o
 .debug_macro   0x0001db5f       0x1c ./Core/Src/main.o
 .debug_macro   0x0001db7b      0x177 ./Core/Src/main.o
 .debug_macro   0x0001dcf2      0x369 ./Core/Src/main.o
 .debug_macro   0x0001e05b       0x10 ./Core/Src/main.o
 .debug_macro   0x0001e06b       0x35 ./Core/Src/main.o
 .debug_macro   0x0001e0a0       0x20 ./Core/Src/main.o
 .debug_macro   0x0001e0c0       0x34 ./Core/Src/main.o
 .debug_macro   0x0001e0f4       0x1c ./Core/Src/main.o
 .debug_macro   0x0001e110       0x10 ./Core/Src/main.o
 .debug_macro   0x0001e120       0x1c ./Core/Src/main.o
 .debug_macro   0x0001e13c       0x16 ./Core/Src/main.o
 .debug_macro   0x0001e152      0x146 ./Core/Src/main.o
 .debug_macro   0x0001e298      0x1b7 ./Core/Src/stm32l4xx_hal_msp.o
 .debug_macro   0x0001e44f      0x1c1 ./Core/Src/stm32l4xx_it.o
 .debug_macro   0x0001e610       0xff ./Core/Src/sysmem.o
 .debug_macro   0x0001e70f      0x23c ./Core/Src/sysmem.o
 .debug_macro   0x0001e94b      0x1ad ./Core/Src/system_stm32l4xx.o
 .debug_macro   0x0001eaf8      0x2e1 ./Drivers/OLED/ssd1306.o
 .debug_macro   0x0001edd9       0x28 ./Drivers/OLED/ssd1306.o
 .debug_macro   0x0001ee01      0x19b ./Drivers/OLED/ssd1306.o
 .debug_macro   0x0001ef9c       0x16 ./Drivers/OLED/ssd1306.o
 .debug_macro   0x0001efb2       0x76 ./Drivers/OLED/ssd1306_fonts.o
 .debug_macro   0x0001f028      0x1f5 ./Drivers/STM32L4xx_HAL_Driver/Src/stm32l4xx_hal.o
 .debug_macro   0x0001f21d      0x1ad ./Drivers/STM32L4xx_HAL_Driver/Src/stm32l4xx_hal_cortex.o
 .debug_macro   0x0001f3ca      0x1b3 ./Drivers/STM32L4xx_HAL_Driver/Src/stm32l4xx_hal_flash.o
 .debug_macro   0x0001f57d      0x1ad ./Drivers/STM32L4xx_HAL_Driver/Src/stm32l4xx_hal_flash_ex.o
 .debug_macro   0x0001f72a      0x1b4 ./Drivers/STM32L4xx_HAL_Driver/Src/stm32l4xx_hal_gpio.o
 .debug_macro   0x0001f8de      0x1d1 ./Drivers/STM32L4xx_HAL_Driver/Src/stm32l4xx_hal_pwr_ex.o
 .debug_macro   0x0001faaf      0x1ef ./Drivers/STM32L4xx_HAL_Driver/Src/stm32l4xx_hal_rcc.o
 .debug_macro   0x0001fc9e      0x1b5 ./Drivers/STM32L4xx_HAL_Driver/Src/stm32l4xx_hal_spi.o

.debug_line     0x00000000     0xb47a
 .debug_line    0x00000000     0x11da ./Core/Src/main.o
 .debug_line    0x000011da      0x783 ./Core/Src/stm32l4xx_hal_msp.o
 .debug_line    0x0000195d      0x7c7 ./Core/Src/stm32l4xx_it.o
 .debug_line    0x00002124      0x589 ./Core/Src/sysmem.o
 .debug_line    0x000026ad      0x79f ./Core/Src/system_stm32l4xx.o
 .debug_line    0x00002e4c       0x7a ./Core/Startup/startup_stm32l432kcux.o
 .debug_line    0x00002ec6      0xd40 ./Drivers/OLED/ssd1306.o
 .debug_line    0x00003c06      0x414 ./Drivers/OLED/ssd1306_fonts.o
 .debug_line    0x0000401a      0xa67 ./Drivers/STM32L4xx_HAL_Driver/Src/stm32l4xx_hal.o
 .debug_line    0x00004a81      0xcc3 ./Drivers/STM32L4xx_HAL_Driver/Src/stm32l4xx_hal_cortex.o
 .debug_line    0x00005744      0xab0 ./Drivers/STM32L4xx_HAL_Driver/Src/stm32l4xx_hal_flash.o
 .debug_line    0x000061f4      0xc09 ./Drivers/STM32L4xx_HAL_Driver/Src/stm32l4xx_hal_flash_ex.o
 .debug_line    0x00006dfd      0xb09 ./Drivers/STM32L4xx_HAL_Driver/Src/stm32l4xx_hal_gpio.o
 .debug_line    0x00007906      0xbf3 ./Drivers/STM32L4xx_HAL_Driver/Src/stm32l4xx_hal_pwr_ex.o
 .debug_line    0x000084f9      0xfb1 ./Drivers/STM32L4xx_HAL_Driver/Src/stm32l4xx_hal_rcc.o
 .debug_line    0x000094aa     0x1fd0 ./Drivers/STM32L4xx_HAL_Driver/Src/stm32l4xx_hal_spi.o

.debug_str      0x00000000    0xbd515
 .debug_str     0x00000000    0xba238 ./Core/Src/main.o
                              0xba5b5 (size before relaxing)
 .debug_str     0x000ba238       0x63 ./Core/Src/stm32l4xx_hal_msp.o
                              0xb640c (size before relaxing)
 .debug_str     0x000ba29b       0xc9 ./Core/Src/stm32l4xx_it.o
                              0xb5ea7 (size before relaxing)
 .debug_str     0x000ba364      0x4dc ./Core/Src/sysmem.o
                               0x60df (size before relaxing)
 .debug_str     0x000ba840       0xf2 ./Core/Src/system_stm32l4xx.o
                              0xb6038 (size before relaxing)
 .debug_str     0x000ba932       0x44 ./Core/Startup/startup_stm32l432kcux.o
                                 0x92 (size before relaxing)
 .debug_str     0x000ba976      0xb42 ./Drivers/OLED/ssd1306.o
                              0xba255 (size before relaxing)
 .debug_str     0x000bb4b8       0x70 ./Drivers/OLED/ssd1306_fonts.o
                               0x3fd8 (size before relaxing)
 .debug_str     0x000bb528      0x8b6 ./Drivers/STM32L4xx_HAL_Driver/Src/stm32l4xx_hal.o
                              0xb69c5 (size before relaxing)
 .debug_str     0x000bbdde      0x37c ./Drivers/STM32L4xx_HAL_Driver/Src/stm32l4xx_hal_cortex.o
                              0xb6798 (size before relaxing)
 .debug_str     0x000bc15a      0x35c ./Drivers/STM32L4xx_HAL_Driver/Src/stm32l4xx_hal_flash.o
                              0xb62b7 (size before relaxing)
 .debug_str     0x000bc4b6      0x226 ./Drivers/STM32L4xx_HAL_Driver/Src/stm32l4xx_hal_flash_ex.o
                              0xb62d7 (size before relaxing)
 .debug_str     0x000bc6dc      0x117 ./Drivers/STM32L4xx_HAL_Driver/Src/stm32l4xx_hal_gpio.o
                              0xb61ac (size before relaxing)
 .debug_str     0x000bc7f3      0x44e ./Drivers/STM32L4xx_HAL_Driver/Src/stm32l4xx_hal_pwr_ex.o
                              0xb64e0 (size before relaxing)
 .debug_str     0x000bcc41      0x345 ./Drivers/STM32L4xx_HAL_Driver/Src/stm32l4xx_hal_rcc.o
                              0xb6638 (size before relaxing)
 .debug_str     0x000bcf86      0x58f ./Drivers/STM32L4xx_HAL_Driver/Src/stm32l4xx_hal_spi.o
                              0xb6850 (size before relaxing)

.comment        0x00000000       0x43
 .comment       0x00000000       0x43 ./Core/Src/main.o
                                 0x44 (size before relaxing)
 .comment       0x00000043       0x44 ./Core/Src/stm32l4xx_hal_msp.o
 .comment       0x00000043       0x44 ./Core/Src/stm32l4xx_it.o
 .comment       0x00000043       0x44 ./Core/Src/sysmem.o
 .comment       0x00000043       0x44 ./Core/Src/system_stm32l4xx.o
 .comment       0x00000043       0x44 ./Drivers/OLED/ssd1306.o
 .comment       0x00000043       0x44 ./Drivers/OLED/ssd1306_fonts.o
 .comment       0x00000043       0x44 ./Drivers/STM32L4xx_HAL_Driver/Src/stm32l4xx_hal.o
 .comment       0x00000043       0x44 ./Drivers/STM32L4xx_HAL_Driver/Src/stm32l4xx_hal_cortex.o
 .comment       0x00000043       0x44 ./Drivers/STM32L4xx_HAL_Driver/Src/stm32l4xx_hal_flash.o
 .comment       0x00000043       0x44 ./Drivers/STM32L4xx_HAL_Driver/Src/stm32l4xx_hal_flash_ex.o
 .comment       0x00000043       0x44 ./Drivers/STM32L4xx_HAL_Driver/Src/stm32l4xx_hal_gpio.o
 .comment       0x00000043       0x44 ./Drivers/STM32L4xx_HAL_Driver/Src/stm32l4xx_hal_pwr_ex.o
 .comment       0x00000043       0x44 ./Drivers/STM32L4xx_HAL_Driver/Src/stm32l4xx_hal_rcc.o
 .comment       0x00000043       0x44 ./Drivers/STM32L4xx_HAL_Driver/Src/stm32l4xx_hal_spi.o

.debug_frame    0x00000000     0x2afc
 .debug_frame   0x00000000      0x2d0 ./Core/Src/main.o
 .debug_frame   0x000002d0       0x80 ./Core/Src/stm32l4xx_hal_msp.o
 .debug_frame   0x00000350      0x104 ./Core/Src/stm32l4xx_it.o
 .debug_frame   0x00000454       0x34 ./Core/Src/sysmem.o
 .debug_frame   0x00000488       0x58 ./Core/Src/system_stm32l4xx.o
 .debug_frame   0x000004e0      0x31c ./Drivers/OLED/ssd1306.o
 .debug_frame   0x000007fc      0x3dc ./Drivers/STM32L4xx_HAL_Driver/Src/stm32l4xx_hal.o
 .debug_frame   0x00000bd8      0x4e8 ./Drivers/STM32L4xx_HAL_Driver/Src/stm32l4xx_hal_cortex.o
 .debug_frame   0x000010c0      0x204 ./Drivers/STM32L4xx_HAL_Driver/Src/stm32l4xx_hal_flash.o
 .debug_frame   0x000012c4      0x248 ./Drivers/STM32L4xx_HAL_Driver/Src/stm32l4xx_hal_flash_ex.o
 .debug_frame   0x0000150c      0x14c ./Drivers/STM32L4xx_HAL_Driver/Src/stm32l4xx_hal_gpio.o
 .debug_frame   0x00001658      0x4a4 ./Drivers/STM32L4xx_HAL_Driver/Src/stm32l4xx_hal_pwr_ex.o
 .debug_frame   0x00001afc      0x21c ./Drivers/STM32L4xx_HAL_Driver/Src/stm32l4xx_hal_rcc.o
 .debug_frame   0x00001d18      0x860 ./Drivers/STM32L4xx_HAL_Driver/Src/stm32l4xx_hal_spi.o
 .debug_frame   0x00002578      0x144 C:/Program Files/STMicroelectronics/STM32CubeIDE_1.15.0/STM32CubeIDE/plugins/com.st.stm32cube.ide.mcu.externaltools.gnu-tools-for-stm32.12.3.rel1.win32_1.0.100.202403111256/tools/bin/../lib/gcc/arm-none-eabi/12.3.1/../../../../arm-none-eabi/lib/thumb/v7e-m+fp/hard\libc_nano.a(libc_a-findfp.o)
 .debug_frame   0x000026bc       0x6c C:/Program Files/STMicroelectronics/STM32CubeIDE_1.15.0/STM32CubeIDE/plugins/com.st.stm32cube.ide.mcu.externaltools.gnu-tools-for-stm32.12.3.rel1.win32_1.0.100.202403111256/tools/bin/../lib/gcc/arm-none-eabi/12.3.1/../../../../arm-none-eabi/lib/thumb/v7e-m+fp/hard\libc_nano.a(libc_a-sprintf.o)
 .debug_frame   0x00002728       0x20 C:/Program Files/STMicroelectronics/STM32CubeIDE_1.15.0/STM32CubeIDE/plugins/com.st.stm32cube.ide.mcu.externaltools.gnu-tools-for-stm32.12.3.rel1.win32_1.0.100.202403111256/tools/bin/../lib/gcc/arm-none-eabi/12.3.1/../../../../arm-none-eabi/lib/thumb/v7e-m+fp/hard\libc_nano.a(libc_a-memset.o)
 .debug_frame   0x00002748       0x38 C:/Program Files/STMicroelectronics/STM32CubeIDE_1.15.0/STM32CubeIDE/plugins/com.st.stm32cube.ide.mcu.externaltools.gnu-tools-for-stm32.12.3.rel1.win32_1.0.100.202403111256/tools/bin/../lib/gcc/arm-none-eabi/12.3.1/../../../../arm-none-eabi/lib/thumb/v7e-m+fp/hard\libc_nano.a(libc_a-reent.o)
 .debug_frame   0x00002780       0x20 C:/Program Files/STMicroelectronics/STM32CubeIDE_1.15.0/STM32CubeIDE/plugins/com.st.stm32cube.ide.mcu.externaltools.gnu-tools-for-stm32.12.3.rel1.win32_1.0.100.202403111256/tools/bin/../lib/gcc/arm-none-eabi/12.3.1/../../../../arm-none-eabi/lib/thumb/v7e-m+fp/hard\libc_nano.a(libc_a-errno.o)
 .debug_frame   0x000027a0       0x2c C:/Program Files/STMicroelectronics/STM32CubeIDE_1.15.0/STM32CubeIDE/plugins/com.st.stm32cube.ide.mcu.externaltools.gnu-tools-for-stm32.12.3.rel1.win32_1.0.100.202403111256/tools/bin/../lib/gcc/arm-none-eabi/12.3.1/../../../../arm-none-eabi/lib/thumb/v7e-m+fp/hard\libc_nano.a(libc_a-init.o)
 .debug_frame   0x000027cc       0xb0 C:/Program Files/STMicroelectronics/STM32CubeIDE_1.15.0/STM32CubeIDE/plugins/com.st.stm32cube.ide.mcu.externaltools.gnu-tools-for-stm32.12.3.rel1.win32_1.0.100.202403111256/tools/bin/../lib/gcc/arm-none-eabi/12.3.1/../../../../arm-none-eabi/lib/thumb/v7e-m+fp/hard\libc_nano.a(libc_a-lock.o)
 .debug_frame   0x0000287c       0x28 C:/Program Files/STMicroelectronics/STM32CubeIDE_1.15.0/STM32CubeIDE/plugins/com.st.stm32cube.ide.mcu.externaltools.gnu-tools-for-stm32.12.3.rel1.win32_1.0.100.202403111256/tools/bin/../lib/gcc/arm-none-eabi/12.3.1/../../../../arm-none-eabi/lib/thumb/v7e-m+fp/hard\libc_nano.a(libc_a-memcpy-stub.o)
 .debug_frame   0x000028a4       0x38 C:/Program Files/STMicroelectronics/STM32CubeIDE_1.15.0/STM32CubeIDE/plugins/com.st.stm32cube.ide.mcu.externaltools.gnu-tools-for-stm32.12.3.rel1.win32_1.0.100.202403111256/tools/bin/../lib/gcc/arm-none-eabi/12.3.1/../../../../arm-none-eabi/lib/thumb/v7e-m+fp/hard\libc_nano.a(libc_a-freer.o)
 .debug_frame   0x000028dc       0x50 C:/Program Files/STMicroelectronics/STM32CubeIDE_1.15.0/STM32CubeIDE/plugins/com.st.stm32cube.ide.mcu.externaltools.gnu-tools-for-stm32.12.3.rel1.win32_1.0.100.202403111256/tools/bin/../lib/gcc/arm-none-eabi/12.3.1/../../../../arm-none-eabi/lib/thumb/v7e-m+fp/hard\libc_nano.a(libc_a-mallocr.o)
 .debug_frame   0x0000292c       0x30 C:/Program Files/STMicroelectronics/STM32CubeIDE_1.15.0/STM32CubeIDE/plugins/com.st.stm32cube.ide.mcu.externaltools.gnu-tools-for-stm32.12.3.rel1.win32_1.0.100.202403111256/tools/bin/../lib/gcc/arm-none-eabi/12.3.1/../../../../arm-none-eabi/lib/thumb/v7e-m+fp/hard\libc_nano.a(libc_a-mlock.o)
 .debug_frame   0x0000295c       0x90 C:/Program Files/STMicroelectronics/STM32CubeIDE_1.15.0/STM32CubeIDE/plugins/com.st.stm32cube.ide.mcu.externaltools.gnu-tools-for-stm32.12.3.rel1.win32_1.0.100.202403111256/tools/bin/../lib/gcc/arm-none-eabi/12.3.1/../../../../arm-none-eabi/lib/thumb/v7e-m+fp/hard\libc_nano.a(libc_a-nano-svfprintf.o)
 .debug_frame   0x000029ec       0x60 C:/Program Files/STMicroelectronics/STM32CubeIDE_1.15.0/STM32CubeIDE/plugins/com.st.stm32cube.ide.mcu.externaltools.gnu-tools-for-stm32.12.3.rel1.win32_1.0.100.202403111256/tools/bin/../lib/gcc/arm-none-eabi/12.3.1/../../../../arm-none-eabi/lib/thumb/v7e-m+fp/hard\libc_nano.a(libc_a-nano-vfprintf_i.o)
 .debug_frame   0x00002a4c       0x28 C:/Program Files/STMicroelectronics/STM32CubeIDE_1.15.0/STM32CubeIDE/plugins/com.st.stm32cube.ide.mcu.externaltools.gnu-tools-for-stm32.12.3.rel1.win32_1.0.100.202403111256/tools/bin/../lib/gcc/arm-none-eabi/12.3.1/../../../../arm-none-eabi/lib/thumb/v7e-m+fp/hard\libc_nano.a(libc_a-memmove.o)
 .debug_frame   0x00002a74       0x2c C:/Program Files/STMicroelectronics/STM32CubeIDE_1.15.0/STM32CubeIDE/plugins/com.st.stm32cube.ide.mcu.externaltools.gnu-tools-for-stm32.12.3.rel1.win32_1.0.100.202403111256/tools/bin/../lib/gcc/arm-none-eabi/12.3.1/../../../../arm-none-eabi/lib/thumb/v7e-m+fp/hard\libc_nano.a(libc_a-sbrkr.o)
 .debug_frame   0x00002aa0       0x3c C:/Program Files/STMicroelectronics/STM32CubeIDE_1.15.0/STM32CubeIDE/plugins/com.st.stm32cube.ide.mcu.externaltools.gnu-tools-for-stm32.12.3.rel1.win32_1.0.100.202403111256/tools/bin/../lib/gcc/arm-none-eabi/12.3.1/../../../../arm-none-eabi/lib/thumb/v7e-m+fp/hard\libc_nano.a(libc_a-reallocr.o)
 .debug_frame   0x00002adc       0x20 C:/Program Files/STMicroelectronics/STM32CubeIDE_1.15.0/STM32CubeIDE/plugins/com.st.stm32cube.ide.mcu.externaltools.gnu-tools-for-stm32.12.3.rel1.win32_1.0.100.202403111256/tools/bin/../lib/gcc/arm-none-eabi/12.3.1/../../../../arm-none-eabi/lib/thumb/v7e-m+fp/hard\libc_nano.a(libc_a-msizer.o)

.debug_line_str
                0x00000000       0x76
 .debug_line_str
                0x00000000       0x76 ./Core/Startup/startup_stm32l432kcux.o
