Archive member included to satisfy reference by file (symbol)

C:/ST/STM32CubeIDE_1.13.1/STM32CubeIDE/plugins/com.st.stm32cube.ide.mcu.externaltools.gnu-tools-for-stm32.11.3.rel1.win32_1.1.0.202305231506/tools/bin/../lib/gcc/arm-none-eabi/11.3.1/../../../../arm-none-eabi/lib/thumb/v7e-m+fp/hard\libc_nano.a(libc_a-exit.o)
                              C:/ST/STM32CubeIDE_1.13.1/STM32CubeIDE/plugins/com.st.stm32cube.ide.mcu.externaltools.gnu-tools-for-stm32.11.3.rel1.win32_1.1.0.202305231506/tools/bin/../lib/gcc/arm-none-eabi/11.3.1/../../../../arm-none-eabi/lib/thumb/v7e-m+fp/hard/crt0.o (exit)
C:/ST/STM32CubeIDE_1.13.1/STM32CubeIDE/plugins/com.st.stm32cube.ide.mcu.externaltools.gnu-tools-for-stm32.11.3.rel1.win32_1.1.0.202305231506/tools/bin/../lib/gcc/arm-none-eabi/11.3.1/../../../../arm-none-eabi/lib/thumb/v7e-m+fp/hard\libc_nano.a(libc_a-findfp.o)
                              C:/ST/STM32CubeIDE_1.13.1/STM32CubeIDE/plugins/com.st.stm32cube.ide.mcu.externaltools.gnu-tools-for-stm32.11.3.rel1.win32_1.1.0.202305231506/tools/bin/../lib/gcc/arm-none-eabi/11.3.1/../../../../arm-none-eabi/lib/thumb/v7e-m+fp/hard\libc_nano.a(libc_a-exit.o) (__stdio_exit_handler)
C:/ST/STM32CubeIDE_1.13.1/STM32CubeIDE/plugins/com.st.stm32cube.ide.mcu.externaltools.gnu-tools-for-stm32.11.3.rel1.win32_1.1.0.202305231506/tools/bin/../lib/gcc/arm-none-eabi/11.3.1/../../../../arm-none-eabi/lib/thumb/v7e-m+fp/hard\libc_nano.a(libc_a-fwalk.o)
                              C:/ST/STM32CubeIDE_1.13.1/STM32CubeIDE/plugins/com.st.stm32cube.ide.mcu.externaltools.gnu-tools-for-stm32.11.3.rel1.win32_1.1.0.202305231506/tools/bin/../lib/gcc/arm-none-eabi/11.3.1/../../../../arm-none-eabi/lib/thumb/v7e-m+fp/hard\libc_nano.a(libc_a-findfp.o) (_fwalk_sglue)
C:/ST/STM32CubeIDE_1.13.1/STM32CubeIDE/plugins/com.st.stm32cube.ide.mcu.externaltools.gnu-tools-for-stm32.11.3.rel1.win32_1.1.0.202305231506/tools/bin/../lib/gcc/arm-none-eabi/11.3.1/../../../../arm-none-eabi/lib/thumb/v7e-m+fp/hard\libc_nano.a(libc_a-sprintf.o)
                              ./Core/Src/main.o (sprintf)
C:/ST/STM32CubeIDE_1.13.1/STM32CubeIDE/plugins/com.st.stm32cube.ide.mcu.externaltools.gnu-tools-for-stm32.11.3.rel1.win32_1.1.0.202305231506/tools/bin/../lib/gcc/arm-none-eabi/11.3.1/../../../../arm-none-eabi/lib/thumb/v7e-m+fp/hard\libc_nano.a(libc_a-stdio.o)
                              C:/ST/STM32CubeIDE_1.13.1/STM32CubeIDE/plugins/com.st.stm32cube.ide.mcu.externaltools.gnu-tools-for-stm32.11.3.rel1.win32_1.1.0.202305231506/tools/bin/../lib/gcc/arm-none-eabi/11.3.1/../../../../arm-none-eabi/lib/thumb/v7e-m+fp/hard\libc_nano.a(libc_a-findfp.o) (__sread)
C:/ST/STM32CubeIDE_1.13.1/STM32CubeIDE/plugins/com.st.stm32cube.ide.mcu.externaltools.gnu-tools-for-stm32.11.3.rel1.win32_1.1.0.202305231506/tools/bin/../lib/gcc/arm-none-eabi/11.3.1/../../../../arm-none-eabi/lib/thumb/v7e-m+fp/hard\libc_nano.a(libc_a-memset.o)
                              C:/ST/STM32CubeIDE_1.13.1/STM32CubeIDE/plugins/com.st.stm32cube.ide.mcu.externaltools.gnu-tools-for-stm32.11.3.rel1.win32_1.1.0.202305231506/tools/bin/../lib/gcc/arm-none-eabi/11.3.1/../../../../arm-none-eabi/lib/thumb/v7e-m+fp/hard/crt0.o (memset)
C:/ST/STM32CubeIDE_1.13.1/STM32CubeIDE/plugins/com.st.stm32cube.ide.mcu.externaltools.gnu-tools-for-stm32.11.3.rel1.win32_1.1.0.202305231506/tools/bin/../lib/gcc/arm-none-eabi/11.3.1/../../../../arm-none-eabi/lib/thumb/v7e-m+fp/hard\libc_nano.a(libc_a-closer.o)
                              C:/ST/STM32CubeIDE_1.13.1/STM32CubeIDE/plugins/com.st.stm32cube.ide.mcu.externaltools.gnu-tools-for-stm32.11.3.rel1.win32_1.1.0.202305231506/tools/bin/../lib/gcc/arm-none-eabi/11.3.1/../../../../arm-none-eabi/lib/thumb/v7e-m+fp/hard\libc_nano.a(libc_a-stdio.o) (_close_r)
C:/ST/STM32CubeIDE_1.13.1/STM32CubeIDE/plugins/com.st.stm32cube.ide.mcu.externaltools.gnu-tools-for-stm32.11.3.rel1.win32_1.1.0.202305231506/tools/bin/../lib/gcc/arm-none-eabi/11.3.1/../../../../arm-none-eabi/lib/thumb/v7e-m+fp/hard\libc_nano.a(libc_a-reent.o)
                              C:/ST/STM32CubeIDE_1.13.1/STM32CubeIDE/plugins/com.st.stm32cube.ide.mcu.externaltools.gnu-tools-for-stm32.11.3.rel1.win32_1.1.0.202305231506/tools/bin/../lib/gcc/arm-none-eabi/11.3.1/../../../../arm-none-eabi/lib/thumb/v7e-m+fp/hard\libc_nano.a(libc_a-closer.o) (errno)
C:/ST/STM32CubeIDE_1.13.1/STM32CubeIDE/plugins/com.st.stm32cube.ide.mcu.externaltools.gnu-tools-for-stm32.11.3.rel1.win32_1.1.0.202305231506/tools/bin/../lib/gcc/arm-none-eabi/11.3.1/../../../../arm-none-eabi/lib/thumb/v7e-m+fp/hard\libc_nano.a(libc_a-impure.o)
                              C:/ST/STM32CubeIDE_1.13.1/STM32CubeIDE/plugins/com.st.stm32cube.ide.mcu.externaltools.gnu-tools-for-stm32.11.3.rel1.win32_1.1.0.202305231506/tools/bin/../lib/gcc/arm-none-eabi/11.3.1/../../../../arm-none-eabi/lib/thumb/v7e-m+fp/hard\libc_nano.a(libc_a-sprintf.o) (_impure_ptr)
[...]
Memory Configuration

Name             Origin             Length             Attributes
RAM              0x0000000020000000 0x0000000000010000 xrw
RAM2             0x0000000010000000 0x0000000000004000 xrw
FLASH            0x0000000008000000 0x0000000000040000 xr
*default*        0x0000000000000000 0xffffffffffffffff

Linker script and memory map

LOAD C:/ST/STM32CubeIDE_1.13.1/STM32CubeIDE/plugins/com.st.stm32cube.ide.mcu.externaltools.gnu-tools-for-stm32.11.3.rel1.win32_1.1.0.202305231506/tools/bin/../lib/gcc/arm-none-eabi/11.3.1/thumb/v7e-m+fp/hard/crti.o
LOAD C:/ST/STM32CubeIDE_1.13.1/STM32CubeIDE/plugins/com.st.stm32cube.ide.mcu.externaltools.gnu-tools-for-stm32.11.3.rel1.win32_1.1.0.202305231506/tools/bin/../lib/gcc/arm-none-eabi/11.3.1/thumb/v7e-m+fp/hard/crtbegin.o
LOAD C:/ST/STM32CubeIDE_1.13.1/STM32CubeIDE/plugins/com.st.stm32cube.ide.mcu.externaltools.gnu-tools-for-stm32.11.3.rel1.win32_1.1.0.202305231506/tools/bin/../lib/gcc/arm-none-eabi/11.3.1/../../../../arm-none-eabi/lib/thumb/v7e-m+fp/hard/crt0.o
LOAD ./Core/Src/main.o
LOAD ./Core/Src/stm32l4xx_hal_msp.o
LOAD ./Core/Src/stm32l4xx_it.o
LOAD ./Core/Src/syscalls.o
LOAD ./Core/Src/sysmem.o
LOAD ./Core/Src/system_stm32l4xx.o
LOAD ./Core/Startup/startup_stm32l432kcux.o
LOAD ./Drivers/OLED/ssd1306.o
LOAD ./Drivers/OLED/ssd1306_fonts.o
LOAD ./Drivers/STM32L4xx_HAL_Driver/Src/stm32l4xx_hal.o
LOAD ./Drivers/STM32L4xx_HAL_Driver/Src/stm32l4xx_hal_cortex.o
LOAD ./Drivers/STM32L4xx_HAL_Driver/Src/stm32l4xx_hal_dma.o
LOAD ./Drivers/STM32L4xx_HAL_Driver/Src/stm32l4xx_hal_dma_ex.o
LOAD ./Drivers/STM32L4xx_HAL_Driver/Src/stm32l4xx_hal_exti.o
LOAD ./Drivers/STM32L4xx_HAL_Driver/Src/stm32l4xx_hal_flash.o
LOAD ./Drivers/STM32L4xx_HAL_Driver/Src/stm32l4xx_hal_flash_ex.o
LOAD ./Drivers/STM32L4xx_HAL_Driver/Src/stm32l4xx_hal_flash_ramfunc.o
LOAD ./Drivers/STM32L4xx_HAL_Driver/Src/stm32l4xx_hal_gpio.o
LOAD ./Drivers/STM32L4xx_HAL_Driver/Src/stm32l4xx_hal_pwr.o
LOAD ./Drivers/STM32L4xx_HAL_Driver/Src/stm32l4xx_hal_pwr_ex.o
LOAD ./Drivers/STM32L4xx_HAL_Driver/Src/stm32l4xx_hal_rcc.o
LOAD ./Drivers/STM32L4xx_HAL_Driver/Src/stm32l4xx_hal_rcc_ex.o
LOAD ./Drivers/STM32L4xx_HAL_Driver/Src/stm32l4xx_hal_spi.o
LOAD ./Drivers/STM32L4xx_HAL_Driver/Src/stm32l4xx_hal_spi_ex.o
START GROUP
LOAD C:/ST/STM32CubeIDE_1.13.1/STM32CubeIDE/plugins/com.st.stm32cube.ide.mcu.externaltools.gnu-tools-for-stm32.11.3.rel1.win32_1.1.0.202305231506/tools/bin/../lib/gcc/arm-none-eabi/11.3.1/../../../../arm-none-eabi/lib/thumb/v7e-m+fp/hard\libc_nano.a
LOAD C:/ST/STM32CubeIDE_1.13.1/STM32CubeIDE/plugins/com.st.stm32cube.ide.mcu.externaltools.gnu-tools-for-stm32.11.3.rel1.win32_1.1.0.202305231506/tools/bin/../lib/gcc/arm-none-eabi/11.3.1/../../../../arm-none-eabi/lib/thumb/v7e-m+fp/hard\libm.a
END GROUP
START GROUP
LOAD C:/ST/STM32CubeIDE_1.13.1/STM32CubeIDE/plugins/com.st.stm32cube.ide.mcu.externaltools.gnu-tools-for-stm32.11.3.rel1.win32_1.1.0.202305231506/tools/bin/../lib/gcc/arm-none-eabi/11.3.1/thumb/v7e-m+fp/hard\libgcc.a
LOAD C:/ST/STM32CubeIDE_1.13.1/STM32CubeIDE/plugins/com.st.stm32cube.ide.mcu.externaltools.gnu-tools-for-stm32.11.3.rel1.win32_1.1.0.202305231506/tools/bin/../lib/gcc/arm-none-eabi/11.3.1/../../../../arm-none-eabi/lib/thumb/v7e-m+fp/hard\libc_nano.a
END GROUP
START GROUP
LOAD C:/ST/STM32CubeIDE_1.13.1/STM32CubeIDE/plugins/com.st.stm32cube.ide.mcu.externaltools.gnu-tools-for-stm32.11.3.rel1.win32_1.1.0.202305231506/tools/bin/../lib/gcc/arm-none-eabi/11.3.1/thumb/v7e-m+fp/hard\libgcc.a
LOAD C:/ST/STM32CubeIDE_1.13.1/STM32CubeIDE/plugins/com.st.stm32cube.ide.mcu.externaltools.gnu-tools-for-stm32.11.3.rel1.win32_1.1.0.202305231506/tools/bin/../lib/gcc/arm-none-eabi/11.3.1/../../../../arm-none-eabi/lib/thumb/v7e-m+fp/hard\libc_nano.a
LOAD C:/ST/STM32CubeIDE_1.13.1/STM32CubeIDE/plugins/com.st.stm32cube.ide.mcu.externaltools.gnu-tools-for-stm32.11.3.rel1.win32_1.1.0.202305231506/tools/bin/../lib/gcc/arm-none-eabi/11.3.1/../../../../arm-none-eabi/lib/thumb/v7e-m+fp/hard\libnosys.a
END GROUP
START GROUP
LOAD C:/ST/STM32CubeIDE_1.13.1/STM32CubeIDE/plugins/com.st.stm32cube.ide.mcu.externaltools.gnu-tools-for-stm32.11.3.rel1.win32_1.1.0.202305231506/tools/bin/../lib/gcc/arm-none-eabi/11.3.1/thumb/v7e-m+fp/hard\libgcc.a
LOAD C:/ST/STM32CubeIDE_1.13.1/STM32CubeIDE/plugins/com.st.stm32cube.ide.mcu.externaltools.gnu-tools-for-stm32.11.3.rel1.win32_1.1.0.202305231506/tools/bin/../lib/gcc/arm-none-eabi/11.3.1/../../../../arm-none-eabi/lib/thumb/v7e-m+fp/hard\libc_nano.a
LOAD C:/ST/STM32CubeIDE_1.13.1/STM32CubeIDE/plugins/com.st.stm32cube.ide.mcu.externaltools.gnu-tools-for-stm32.11.3.rel1.win32_1.1.0.202305231506/tools/bin/../lib/gcc/arm-none-eabi/11.3.1/../../../../arm-none-eabi/lib/thumb/v7e-m+fp/hard\libnosys.a
END GROUP
LOAD C:/ST/STM32CubeIDE_1.13.1/STM32CubeIDE/plugins/com.st.stm32cube.ide.mcu.externaltools.gnu-tools-for-stm32.11.3.rel1.win32_1.1.0.202305231506/tools/bin/../lib/gcc/arm-none-eabi/11.3.1/thumb/v7e-m+fp/hard/crtend.o
LOAD C:/ST/STM32CubeIDE_1.13.1/STM32CubeIDE/plugins/com.st.stm32cube.ide.mcu.externaltools.gnu-tools-for-stm32.11.3.rel1.win32_1.1.0.202305231506/tools/bin/../lib/gcc/arm-none-eabi/11.3.1/thumb/v7e-m+fp/hard/crtn.o
                0x0000000020010000                _estack = (ORIGIN (RAM) + LENGTH (RAM))
                0x0000000000000200                _Min_Heap_Size = 0x200
                0x0000000000000400                _Min_Stack_Size = 0x400

.isr_vector     0x0000000008000000      0x18c
                0x0000000008000000                . = ALIGN (0x4)
 *(.isr_vector)
 .isr_vector    0x0000000008000000      0x18c ./Core/Startup/startup_stm32l432kcux.o
                0x0000000008000000                g_pfnVectors
                0x000000000800018c                . = ALIGN (0x4)

.text           0x000000000800018c     0x27b8
                0x000000000800018c                . = ALIGN (0x4)
 *(.text)
 .text          0x000000000800018c       0x40 C:/ST/STM32CubeIDE_1.13.1/STM32CubeIDE/plugins/com.st.stm32cube.ide.mcu.externaltools.gnu-tools-for-stm32.11.3.rel1.win32_1.1.0.202305231506/tools/bin/../lib/gcc/arm-none-eabi/11.3.1/thumb/v7e-m+fp/hard/crtbegin.o
 *(.text*)
 .text.main     0x00000000080001cc       0x48 ./Core/Src/main.o
                0x00000000080001cc                main
 .text.SystemClock_Config
                0x0000000008000214       0xa2 ./Core/Src/main.o
                0x0000000008000214                SystemClock_Config
 *fill*         0x00000000080002b6        0x2 
 .text.MX_SPI1_Init
                0x00000000080002b8       0x7c ./Core/Src/main.o
 .text.MX_GPIO_Init
                0x0000000008000334       0xdc ./Core/Src/main.o
 .text.Error_Handler
                0x0000000008000410        0xa ./Core/Src/main.o
                0x0000000008000410                Error_Handler
 *fill*         0x000000000800041a        0x2 
 .text.HAL_MspInit
                0x000000000800041c       0x48 ./Core/Src/stm32l4xx_hal_msp.o
                0x000000000800041c                HAL_MspInit
 .text.HAL_SPI_MspInit
                0x0000000008000464       0x98 ./Core/Src/stm32l4xx_hal_msp.o
                0x0000000008000464                HAL_SPI_MspInit
 .text.NMI_Handler
                0x00000000080004fc        0x6 ./Core/Src/stm32l4xx_it.o
                0x00000000080004fc                NMI_Handler
 .text.HardFault_Handler
                0x0000000008000502        0x6 ./Core/Src/stm32l4xx_it.o
                0x0000000008000502                HardFault_Handler
 .text.MemManage_Handler
                0x0000000008000508        0x6 ./Core/Src/stm32l4xx_it.o
                0x0000000008000508                MemManage_Handler
 .text.BusFault_Handler
                0x000000000800050e        0x6 ./Core/Src/stm32l4xx_it.o
                0x000000000800050e                BusFault_Handler
 .text.UsageFault_Handler
                0x0000000008000514        0x6 ./Core/Src/stm32l4xx_it.o
                0x0000000008000514                UsageFault_Handler
 .text.SVC_Handler
                0x000000000800051a        0xe ./Core/Src/stm32l4xx_it.o
                0x000000000800051a                SVC_Handler
 .text.DebugMon_Handler
                0x0000000008000528        0xe ./Core/Src/stm32l4xx_it.o
                0x0000000008000528                DebugMon_Handler
 .text.PendSV_Handler
                0x0000000008000536        0xe ./Core/Src/stm32l4xx_it.o
                0x0000000008000536                PendSV_Handler
 .text.SysTick_Handler
                0x0000000008000544        0xc ./Core/Src/stm32l4xx_it.o
                0x0000000008000544                SysTick_Handler
 .text.SPI1_IRQHandler
                0x0000000008000550       0x14 ./Core/Src/stm32l4xx_it.o
                0x0000000008000550                SPI1_IRQHandler
 .text.SystemInit
                0x0000000008000564       0x24 ./Core/Src/system_stm32l4xx.o
                0x0000000008000564                SystemInit
 .text.Reset_Handler
                0x0000000008000588       0x50 ./Core/Startup/startup_stm32l432kcux.o
                0x0000000008000588                Reset_Handler
 .text.Default_Handler
                0x00000000080005d8        0x2 ./Core/Startup/startup_stm32l432kcux.o
                0x00000000080005d8                RTC_Alarm_IRQHandler
                0x00000000080005d8                EXTI2_IRQHandler
                0x00000000080005d8                TIM1_CC_IRQHandler
                0x00000000080005d8                TSC_IRQHandler
                0x00000000080005d8                TAMP_STAMP_IRQHandler
                0x00000000080005d8                EXTI3_IRQHandler
                0x00000000080005d8                LPTIM2_IRQHandler
                0x00000000080005d8                I2C3_ER_IRQHandler
                0x00000000080005d8                EXTI0_IRQHandler
                0x00000000080005d8                CAN1_RX0_IRQHandler
                0x00000000080005d8                FPU_IRQHandler
                0x00000000080005d8                TIM1_UP_TIM16_IRQHandler
                0x00000000080005d8                TIM6_DAC_IRQHandler
                0x00000000080005d8                DMA2_Channel2_IRQHandler
                0x00000000080005d8                DMA1_Channel4_IRQHandler
                0x00000000080005d8                ADC1_IRQHandler
                0x00000000080005d8                DMA1_Channel7_IRQHandler
                0x00000000080005d8                CAN1_RX1_IRQHandler
                0x00000000080005d8                DMA2_Channel1_IRQHandler
                0x00000000080005d8                QUADSPI_IRQHandler
                0x00000000080005d8                I2C1_EV_IRQHandler
                0x00000000080005d8                DMA1_Channel6_IRQHandler
                0x00000000080005d8                DMA2_Channel4_IRQHandler
                0x00000000080005d8                RCC_IRQHandler
                0x00000000080005d8                TIM1_TRG_COM_IRQHandler
                0x00000000080005d8                DMA1_Channel1_IRQHandler
                0x00000000080005d8                Default_Handler
                0x00000000080005d8                DMA2_Channel7_IRQHandler
                0x00000000080005d8                EXTI15_10_IRQHandler
                0x00000000080005d8                TIM7_IRQHandler
                0x00000000080005d8                I2C3_EV_IRQHandler
                0x00000000080005d8                USB_IRQHandler
                0x00000000080005d8                EXTI9_5_IRQHandler
                0x00000000080005d8                RTC_WKUP_IRQHandler
                0x00000000080005d8                PVD_PVM_IRQHandler
                0x00000000080005d8                CAN1_TX_IRQHandler
                0x00000000080005d8                DMA2_Channel5_IRQHandler
                0x00000000080005d8                CRS_IRQHandler
                0x00000000080005d8                DMA1_Channel5_IRQHandler
                0x00000000080005d8                EXTI4_IRQHandler
                0x00000000080005d8                RNG_IRQHandler
                0x00000000080005d8                DMA1_Channel3_IRQHandler
                0x00000000080005d8                COMP_IRQHandler
                0x00000000080005d8                WWDG_IRQHandler
                0x00000000080005d8                LPUART1_IRQHandler
                0x00000000080005d8                DMA2_Channel6_IRQHandler
                0x00000000080005d8                TIM2_IRQHandler
                0x00000000080005d8                EXTI1_IRQHandler
                0x00000000080005d8                USART2_IRQHandler
                0x00000000080005d8                DMA1_Channel2_IRQHandler
                0x00000000080005d8                CAN1_SCE_IRQHandler
                0x00000000080005d8                FLASH_IRQHandler
                0x00000000080005d8                USART1_IRQHandler
                0x00000000080005d8                SPI3_IRQHandler
                0x00000000080005d8                I2C1_ER_IRQHandler
                0x00000000080005d8                SWPMI1_IRQHandler
                0x00000000080005d8                LPTIM1_IRQHandler
                0x00000000080005d8                SAI1_IRQHandler
                0x00000000080005d8                DMA2_Channel3_IRQHandler
                0x00000000080005d8                TIM1_BRK_TIM15_IRQHandler
 .text.ssd1306_Reset
                0x00000000080005da       0x3e ./Drivers/OLED/ssd1306.o
                0x00000000080005da                ssd1306_Reset
 .text.ssd1306_WriteCommand
                0x0000000008000618       0x50 ./Drivers/OLED/ssd1306.o
                0x0000000008000618                ssd1306_WriteCommand
 .text.ssd1306_WriteData
                0x0000000008000668       0x40 ./Drivers/OLED/ssd1306.o
                0x0000000008000668                ssd1306_WriteData
 .text.HAL_SPI_TxCpltCallback
                0x00000000080006a8       0x1e ./Drivers/OLED/ssd1306.o
                0x00000000080006a8                HAL_SPI_TxCpltCallback
 *fill*         0x00000000080006c6        0x2 
 .text.ssd1306_Init
                0x00000000080006c8       0xd4 ./Drivers/OLED/ssd1306.o
                0x00000000080006c8                ssd1306_Init
 .text.ssd1306_Fill
                0x000000000800079c       0x48 ./Drivers/OLED/ssd1306.o
                0x000000000800079c                ssd1306_Fill
 .text.ssd1306_DrawPixel
                0x00000000080007e4       0xa8 ./Drivers/OLED/ssd1306.o
                0x00000000080007e4                ssd1306_DrawPixel
 .text.ssd1306_DrawBitmap
                0x000000000800088c       0xb6 ./Drivers/OLED/ssd1306.o
                0x000000000800088c                ssd1306_DrawBitmap
 .text.ssd1306_SetContrast
                0x0000000008000942       0x26 ./Drivers/OLED/ssd1306.o
                0x0000000008000942                ssd1306_SetContrast
 .text.ssd1306_UpdateScreen
                0x0000000008000968       0x50 ./Drivers/OLED/ssd1306.o
                0x0000000008000968                ssd1306_UpdateScreen
 .text.ssd1306_SetDisplayOn
                0x00000000080009b8       0x3c ./Drivers/OLED/ssd1306.o
                0x00000000080009b8                ssd1306_SetDisplayOn
 .text.HAL_Init
                0x00000000080009f4       0x30 ./Drivers/STM32L4xx_HAL_Driver/Src/stm32l4xx_hal.o
                0x00000000080009f4                HAL_Init
 .text.HAL_InitTick
                0x0000000008000a24       0x78 ./Drivers/STM32L4xx_HAL_Driver/Src/stm32l4xx_hal.o
                0x0000000008000a24                HAL_InitTick
 .text.HAL_IncTick
                0x0000000008000a9c       0x28 ./Drivers/STM32L4xx_HAL_Driver/Src/stm32l4xx_hal.o
                0x0000000008000a9c                HAL_IncTick
 .text.HAL_GetTick
                0x0000000008000ac4       0x18 ./Drivers/STM32L4xx_HAL_Driver/Src/stm32l4xx_hal.o
                0x0000000008000ac4                HAL_GetTick
 .text.HAL_Delay
                0x0000000008000adc       0x48 ./Drivers/STM32L4xx_HAL_Driver/Src/stm32l4xx_hal.o
                0x0000000008000adc                HAL_Delay
 .text.__NVIC_SetPriorityGrouping
                0x0000000008000b24       0x48 ./Drivers/STM32L4xx_HAL_Driver/Src/stm32l4xx_hal_cortex.o
 .text.__NVIC_GetPriorityGrouping
                0x0000000008000b6c       0x1c ./Drivers/STM32L4xx_HAL_Driver/Src/stm32l4xx_hal_cortex.o
 .text.__NVIC_EnableIRQ
                0x0000000008000b88       0x3c ./Drivers/STM32L4xx_HAL_Driver/Src/stm32l4xx_hal_cortex.o
 .text.__NVIC_SetPriority
                0x0000000008000bc4       0x54 ./Drivers/STM32L4xx_HAL_Driver/Src/stm32l4xx_hal_cortex.o
 .text.NVIC_EncodePriority
                0x0000000008000c18       0x66 ./Drivers/STM32L4xx_HAL_Driver/Src/stm32l4xx_hal_cortex.o
 *fill*         0x0000000008000c7e        0x2 
 .text.SysTick_Config
                0x0000000008000c80       0x44 ./Drivers/STM32L4xx_HAL_Driver/Src/stm32l4xx_hal_cortex.o
 .text.HAL_NVIC_SetPriorityGrouping
                0x0000000008000cc4       0x16 ./Drivers/STM32L4xx_HAL_Driver/Src/stm32l4xx_hal_cortex.o
                0x0000000008000cc4                HAL_NVIC_SetPriorityGrouping
 .text.HAL_NVIC_SetPriority
                0x0000000008000cda       0x38 ./Drivers/STM32L4xx_HAL_Driver/Src/stm32l4xx_hal_cortex.o
                0x0000000008000cda                HAL_NVIC_SetPriority
 .text.HAL_NVIC_EnableIRQ
                0x0000000008000d12       0x1c ./Drivers/STM32L4xx_HAL_Driver/Src/stm32l4xx_hal_cortex.o
                0x0000000008000d12                HAL_NVIC_EnableIRQ
 .text.HAL_SYSTICK_Config
                0x0000000008000d2e       0x18 ./Drivers/STM32L4xx_HAL_Driver/Src/stm32l4xx_hal_cortex.o
                0x0000000008000d2e                HAL_SYSTICK_Config
 .text.HAL_DMA_Abort_IT
                0x0000000008000d46       0x82 ./Drivers/STM32L4xx_HAL_Driver/Src/stm32l4xx_hal_dma.o
                0x0000000008000d46                HAL_DMA_Abort_IT
 .text.HAL_GPIO_Init
                0x0000000008000dc8      0x2d4 ./Drivers/STM32L4xx_HAL_Driver/Src/stm32l4xx_hal_gpio.o
                0x0000000008000dc8                HAL_GPIO_Init
 .text.HAL_GPIO_WritePin
                0x000000000800109c       0x30 ./Drivers/STM32L4xx_HAL_Driver/Src/stm32l4xx_hal_gpio.o
                0x000000000800109c                HAL_GPIO_WritePin
 .text.HAL_PWREx_GetVoltageRange
                0x00000000080010cc       0x1c ./Drivers/STM32L4xx_HAL_Driver/Src/stm32l4xx_hal_pwr_ex.o
                0x00000000080010cc                HAL_PWREx_GetVoltageRange
 .text.HAL_PWREx_ControlVoltageScaling
                0x00000000080010e8       0xac ./Drivers/STM32L4xx_HAL_Driver/Src/stm32l4xx_hal_pwr_ex.o
                0x00000000080010e8                HAL_PWREx_ControlVoltageScaling
 .text.HAL_RCC_OscConfig
                0x0000000008001194      0x828 ./Drivers/STM32L4xx_HAL_Driver/Src/stm32l4xx_hal_rcc.o
                0x0000000008001194                HAL_RCC_OscConfig
 .text.HAL_RCC_ClockConfig
                0x00000000080019bc      0x200 ./Drivers/STM32L4xx_HAL_Driver/Src/stm32l4xx_hal_rcc.o
                0x00000000080019bc                HAL_RCC_ClockConfig
 .text.HAL_RCC_GetSysClockFreq
                0x0000000008001bbc      0x118 ./Drivers/STM32L4xx_HAL_Driver/Src/stm32l4xx_hal_rcc.o
                0x0000000008001bbc                HAL_RCC_GetSysClockFreq
 .text.RCC_SetFlashLatencyFromMSIRange
                0x0000000008001cd4       0xc0 ./Drivers/STM32L4xx_HAL_Driver/Src/stm32l4xx_hal_rcc.o
 .text.HAL_SPI_Init
                0x0000000008001d94      0x146 ./Drivers/STM32L4xx_HAL_Driver/Src/stm32l4xx_hal_spi.o
                0x0000000008001d94                HAL_SPI_Init
 .text.HAL_SPI_Transmit
                0x0000000008001eda      0x2ea ./Drivers/STM32L4xx_HAL_Driver/Src/stm32l4xx_hal_spi.o
                0x0000000008001eda                HAL_SPI_Transmit
 .text.HAL_SPI_Transmit_IT
                0x00000000080021c4      0x118 ./Drivers/STM32L4xx_HAL_Driver/Src/stm32l4xx_hal_spi.o
                0x00000000080021c4                HAL_SPI_Transmit_IT
 .text.HAL_SPI_IRQHandler
                0x00000000080022dc      0x1e8 ./Drivers/STM32L4xx_HAL_Driver/Src/stm32l4xx_hal_spi.o
                0x00000000080022dc                HAL_SPI_IRQHandler
 .text.HAL_SPI_ErrorCallback
                0x00000000080024c4       0x14 ./Drivers/STM32L4xx_HAL_Driver/Src/stm32l4xx_hal_spi.o
                0x00000000080024c4                HAL_SPI_ErrorCallback
 .text.SPI_DMAAbortOnError
                0x00000000080024d8       0x2a ./Drivers/STM32L4xx_HAL_Driver/Src/stm32l4xx_hal_spi.o
 .text.SPI_TxISR_8BIT
                0x0000000008002502       0x46 ./Drivers/STM32L4xx_HAL_Driver/Src/stm32l4xx_hal_spi.o
 .text.SPI_TxISR_16BIT
                0x0000000008002548       0x44 ./Drivers/STM32L4xx_HAL_Driver/Src/stm32l4xx_hal_spi.o
 .text.SPI_WaitFlagStateUntilTimeout
                0x000000000800258c      0x110 ./Drivers/STM32L4xx_HAL_Driver/Src/stm32l4xx_hal_spi.o
 .text.SPI_WaitFifoStateUntilTimeout
                0x000000000800269c      0x12c ./Drivers/STM32L4xx_HAL_Driver/Src/stm32l4xx_hal_spi.o
 .text.SPI_EndRxTxTransaction
                0x00000000080027c8       0x8c ./Drivers/STM32L4xx_HAL_Driver/Src/stm32l4xx_hal_spi.o
 .text.SPI_CloseTx_ISR
                0x0000000008002854       0x7e ./Drivers/STM32L4xx_HAL_Driver/Src/stm32l4xx_hal_spi.o
 .text.memset   0x00000000080028d2       0x10 C:/ST/STM32CubeIDE_1.13.1/STM32CubeIDE/plugins/com.st.stm32cube.ide.mcu.externaltools.gnu-tools-for-stm32.11.3.rel1.win32_1.1.0.202305231506/tools/bin/../lib/gcc/arm-none-eabi/11.3.1/../../../../arm-none-eabi/lib/thumb/v7e-m+fp/hard\libc_nano.a(libc_a-memset.o)
                0x00000000080028d2                memset
 *fill*         0x00000000080028e2        0x2 
 .text.__libc_init_array
                0x00000000080028e4       0x48 C:/ST/STM32CubeIDE_1.13.1/STM32CubeIDE/plugins/com.st.stm32cube.ide.mcu.externaltools.gnu-tools-for-stm32.11.3.rel1.win32_1.1.0.202305231506/tools/bin/../lib/gcc/arm-none-eabi/11.3.1/../../../../arm-none-eabi/lib/thumb/v7e-m+fp/hard\libc_nano.a(libc_a-init.o)
                0x00000000080028e4                __libc_init_array
 *(.glue_7)
 .glue_7        0x000000000800292c        0x0 linker stubs
 *(.glue_7t)
 .glue_7t       0x000000000800292c        0x0 linker stubs
 *(.eh_frame)
 .eh_frame      0x000000000800292c        0x0 C:/ST/STM32CubeIDE_1.13.1/STM32CubeIDE/plugins/com.st.stm32cube.ide.mcu.externaltools.gnu-tools-for-stm32.11.3.rel1.win32_1.1.0.202305231506/tools/bin/../lib/gcc/arm-none-eabi/11.3.1/thumb/v7e-m+fp/hard/crtbegin.o
 *(.init)
 .init          0x000000000800292c        0x4 C:/ST/STM32CubeIDE_1.13.1/STM32CubeIDE/plugins/com.st.stm32cube.ide.mcu.externaltools.gnu-tools-for-stm32.11.3.rel1.win32_1.1.0.202305231506/tools/bin/../lib/gcc/arm-none-eabi/11.3.1/thumb/v7e-m+fp/hard/crti.o
                0x000000000800292c                _init
 .init          0x0000000008002930        0x8 C:/ST/STM32CubeIDE_1.13.1/STM32CubeIDE/plugins/com.st.stm32cube.ide.mcu.externaltools.gnu-tools-for-stm32.11.3.rel1.win32_1.1.0.202305231506/tools/bin/../lib/gcc/arm-none-eabi/11.3.1/thumb/v7e-m+fp/hard/crtn.o
 *(.fini)
 .fini          0x0000000008002938        0x4 C:/ST/STM32CubeIDE_1.13.1/STM32CubeIDE/plugins/com.st.stm32cube.ide.mcu.externaltools.gnu-tools-for-stm32.11.3.rel1.win32_1.1.0.202305231506/tools/bin/../lib/gcc/arm-none-eabi/11.3.1/thumb/v7e-m+fp/hard/crti.o
                0x0000000008002938                _fini
 .fini          0x000000000800293c        0x8 C:/ST/STM32CubeIDE_1.13.1/STM32CubeIDE/plugins/com.st.stm32cube.ide.mcu.externaltools.gnu-tools-for-stm32.11.3.rel1.win32_1.1.0.202305231506/tools/bin/../lib/gcc/arm-none-eabi/11.3.1/thumb/v7e-m+fp/hard/crtn.o
                0x0000000008002944                . = ALIGN (0x4)
                0x0000000008002944                _etext = .

.vfp11_veneer   0x0000000008002944        0x0
 .vfp11_veneer  0x0000000008002944        0x0 linker stubs

.v4_bx          0x0000000008002944        0x0
 .v4_bx         0x0000000008002944        0x0 linker stubs

.iplt           0x0000000008002944        0x0
 .iplt          0x0000000008002944        0x0 C:/ST/STM32CubeIDE_1.13.1/STM32CubeIDE/plugins/com.st.stm32cube.ide.mcu.externaltools.gnu-tools-for-stm32.11.3.rel1.win32_1.1.0.202305231506/tools/bin/../lib/gcc/arm-none-eabi/11.3.1/thumb/v7e-m+fp/hard/crtbegin.o

.rodata         0x0000000008002944      0x1c0
                0x0000000008002944                . = ALIGN (0x4)
 *(.rodata)
 *(.rodata*)
 .rodata.AHBPrescTable
                0x0000000008002944       0x10 ./Core/Src/system_stm32l4xx.o
                0x0000000008002944                AHBPrescTable
 .rodata.MSIRangeTable
                0x0000000008002954       0x30 ./Core/Src/system_stm32l4xx.o
                0x0000000008002954                MSIRangeTable
 .rodata.chick_01
                0x0000000008002984      0x180 ./Drivers/OLED/ssd1306_fonts.o
                0x0000000008002984                chick_01
                0x0000000008002b04                . = ALIGN (0x4)

.rel.dyn        0x0000000008002b04        0x0
 .rel.iplt      0x0000000008002b04        0x0 C:/ST/STM32CubeIDE_1.13.1/STM32CubeIDE/plugins/com.st.stm32cube.ide.mcu.externaltools.gnu-tools-for-stm32.11.3.rel1.win32_1.1.0.202305231506/tools/bin/../lib/gcc/arm-none-eabi/11.3.1/thumb/v7e-m+fp/hard/crtbegin.o

.ARM.extab      0x0000000008002b04        0x0
                0x0000000008002b04                . = ALIGN (0x4)
 *(.ARM.extab* .gnu.linkonce.armextab.*)
                0x0000000008002b04                . = ALIGN (0x4)

.ARM            0x0000000008002b04        0x0
                0x0000000008002b04                . = ALIGN (0x4)
                0x0000000008002b04                __exidx_start = .
 *(.ARM.exidx*)
                0x0000000008002b04                __exidx_end = .
                0x0000000008002b04                . = ALIGN (0x4)

.preinit_array  0x0000000008002b04        0x0
                0x0000000008002b04                . = ALIGN (0x4)
                0x0000000008002b04                PROVIDE (__preinit_array_start = .)
 *(.preinit_array*)
                0x0000000008002b04                PROVIDE (__preinit_array_end = .)
                0x0000000008002b04                . = ALIGN (0x4)

.init_array     0x0000000008002b04        0x4
                0x0000000008002b04                . = ALIGN (0x4)
                0x0000000008002b04                PROVIDE (__init_array_start = .)
 *(SORT_BY_NAME(.init_array.*))
 *(.init_array*)
 .init_array    0x0000000008002b04        0x4 C:/ST/STM32CubeIDE_1.13.1/STM32CubeIDE/plugins/com.st.stm32cube.ide.mcu.externaltools.gnu-tools-for-stm32.11.3.rel1.win32_1.1.0.202305231506/tools/bin/../lib/gcc/arm-none-eabi/11.3.1/thumb/v7e-m+fp/hard/crtbegin.o
                0x0000000008002b08                PROVIDE (__init_array_end = .)
                0x0000000008002b08                . = ALIGN (0x4)

.fini_array     0x0000000008002b08        0x4
                0x0000000008002b08                . = ALIGN (0x4)
                [!provide]                        PROVIDE (__fini_array_start = .)
 *(SORT_BY_NAME(.fini_array.*))
 *(.fini_array*)
 .fini_array    0x0000000008002b08        0x4 C:/ST/STM32CubeIDE_1.13.1/STM32CubeIDE/plugins/com.st.stm32cube.ide.mcu.externaltools.gnu-tools-for-stm32.11.3.rel1.win32_1.1.0.202305231506/tools/bin/../lib/gcc/arm-none-eabi/11.3.1/thumb/v7e-m+fp/hard/crtbegin.o
                [!provide]                        PROVIDE (__fini_array_end = .)
                0x0000000008002b0c                . = ALIGN (0x4)
                0x0000000008002b0c                _sidata = LOADADDR (.data)

.data           0x0000000020000000        0xc load address 0x0000000008002b0c
                0x0000000020000000                . = ALIGN (0x4)
                0x0000000020000000                _sdata = .
 *(.data)
 *(.data*)
 .data.SystemCoreClock
                0x0000000020000000        0x4 ./Core/Src/system_stm32l4xx.o
                0x0000000020000000                SystemCoreClock
 .data.uwTickPrio
                0x0000000020000004        0x4 ./Drivers/STM32L4xx_HAL_Driver/Src/stm32l4xx_hal.o
                0x0000000020000004                uwTickPrio
 .data.uwTickFreq
                0x0000000020000008        0x1 ./Drivers/STM32L4xx_HAL_Driver/Src/stm32l4xx_hal.o
                0x0000000020000008                uwTickFreq
 *(.RamFunc)
 *(.RamFunc*)
                0x000000002000000c                . = ALIGN (0x4)
 *fill*         0x0000000020000009        0x3 
                0x000000002000000c                _edata = .

.igot.plt       0x000000002000000c        0x0 load address 0x0000000008002b18
 .igot.plt      0x000000002000000c        0x0 C:/ST/STM32CubeIDE_1.13.1/STM32CubeIDE/plugins/com.st.stm32cube.ide.mcu.externaltools.gnu-tools-for-stm32.11.3.rel1.win32_1.1.0.202305231506/tools/bin/../lib/gcc/arm-none-eabi/11.3.1/thumb/v7e-m+fp/hard/crtbegin.o
                0x000000002000000c                . = ALIGN (0x4)

.bss            0x000000002000000c      0x48c load address 0x0000000008002b18
                0x000000002000000c                _sbss = .
                0x000000002000000c                __bss_start__ = _sbss
 *(.bss)
 .bss           0x000000002000000c       0x1c C:/ST/STM32CubeIDE_1.13.1/STM32CubeIDE/plugins/com.st.stm32cube.ide.mcu.externaltools.gnu-tools-for-stm32.11.3.rel1.win32_1.1.0.202305231506/tools/bin/../lib/gcc/arm-none-eabi/11.3.1/thumb/v7e-m+fp/hard/crtbegin.o
 *(.bss*)
 .bss.hspi1     0x0000000020000028       0x64 ./Core/Src/main.o
                0x0000000020000028                hspi1
 .bss.SSD1306_Buffer
                0x000000002000008c      0x400 ./Drivers/OLED/ssd1306.o
 .bss.SSD1306   0x000000002000048c        0x6 ./Drivers/OLED/ssd1306.o
 *fill*         0x0000000020000492        0x2 
 .bss.uwTick    0x0000000020000494        0x4 ./Drivers/STM32L4xx_HAL_Driver/Src/stm32l4xx_hal.o
                0x0000000020000494                uwTick
 *(COMMON)
                0x0000000020000498                . = ALIGN (0x4)
                0x0000000020000498                _ebss = .
                0x0000000020000498                __bss_end__ = _ebss

._user_heap_stack
                0x0000000020000498      0x600 load address 0x0000000008002b18
                0x0000000020000498                . = ALIGN (0x8)
                [!provide]                        PROVIDE (end = .)
                0x0000000020000498                PROVIDE (_end = .)
                0x0000000020000698                . = (. + _Min_Heap_Size)
 *fill*         0x0000000020000498      0x200 
                0x0000000020000a98                . = (. + _Min_Stack_Size)
 *fill*         0x0000000020000698      0x400 
                0x0000000020000a98                . = ALIGN (0x8)

/DISCARD/
 libc.a(*)
 libm.a(*)
 libgcc.a(*)

.ARM.attributes
                0x0000000000000000       0x30
 *(.ARM.attributes)
 .ARM.attributes
                0x0000000000000000       0x1e C:/ST/STM32CubeIDE_1.13.1/STM32CubeIDE/plugins/com.st.stm32cube.ide.mcu.externaltools.gnu-tools-for-stm32.11.3.rel1.win32_1.1.0.202305231506/tools/bin/../lib/gcc/arm-none-eabi/11.3.1/thumb/v7e-m+fp/hard/crti.o
 .ARM.attributes
                0x000000000000001e       0x34 C:/ST/STM32CubeIDE_1.13.1/STM32CubeIDE/plugins/com.st.stm32cube.ide.mcu.externaltools.gnu-tools-for-stm32.11.3.rel1.win32_1.1.0.202305231506/tools/bin/../lib/gcc/arm-none-eabi/11.3.1/thumb/v7e-m+fp/hard/crtbegin.o
 .ARM.attributes
                0x0000000000000052       0x34 ./Core/Src/main.o
 .ARM.attributes
                0x0000000000000086       0x34 ./Core/Src/stm32l4xx_hal_msp.o
 .ARM.attributes
                0x00000000000000ba       0x34 ./Core/Src/stm32l4xx_it.o
 .ARM.attributes
                0x00000000000000ee       0x34 ./Core/Src/system_stm32l4xx.o
 .ARM.attributes
                0x0000000000000122       0x21 ./Core/Startup/startup_stm32l432kcux.o
 .ARM.attributes
                0x0000000000000143       0x34 ./Drivers/OLED/ssd1306.o
 .ARM.attributes
                0x0000000000000177       0x34 ./Drivers/OLED/ssd1306_fonts.o
 .ARM.attributes
                0x00000000000001ab       0x34 ./Drivers/STM32L4xx_HAL_Driver/Src/stm32l4xx_hal.o
 .ARM.attributes
                0x00000000000001df       0x34 ./Drivers/STM32L4xx_HAL_Driver/Src/stm32l4xx_hal_cortex.o
 .ARM.attributes
                0x0000000000000213       0x34 ./Drivers/STM32L4xx_HAL_Driver/Src/stm32l4xx_hal_dma.o
 .ARM.attributes
                0x0000000000000247       0x34 ./Drivers/STM32L4xx_HAL_Driver/Src/stm32l4xx_hal_gpio.o
 .ARM.attributes
                0x000000000000027b       0x34 ./Drivers/STM32L4xx_HAL_Driver/Src/stm32l4xx_hal_pwr_ex.o
 .ARM.attributes
                0x00000000000002af       0x34 ./Drivers/STM32L4xx_HAL_Driver/Src/stm32l4xx_hal_rcc.o
 .ARM.attributes
                0x00000000000002e3       0x34 ./Drivers/STM32L4xx_HAL_Driver/Src/stm32l4xx_hal_spi.o
 .ARM.attributes
                0x0000000000000317       0x34 C:/ST/STM32CubeIDE_1.13.1/STM32CubeIDE/plugins/com.st.stm32cube.ide.mcu.externaltools.gnu-tools-for-stm32.11.3.rel1.win32_1.1.0.202305231506/tools/bin/../lib/gcc/arm-none-eabi/11.3.1/../../../../arm-none-eabi/lib/thumb/v7e-m+fp/hard\libc_nano.a(libc_a-memset.o)
 .ARM.attributes
                0x000000000000034b       0x34 C:/ST/STM32CubeIDE_1.13.1/STM32CubeIDE/plugins/com.st.stm32cube.ide.mcu.externaltools.gnu-tools-for-stm32.11.3.rel1.win32_1.1.0.202305231506/tools/bin/../lib/gcc/arm-none-eabi/11.3.1/../../../../arm-none-eabi/lib/thumb/v7e-m+fp/hard\libc_nano.a(libc_a-init.o)
 .ARM.attributes
                0x000000000000037f       0x1e C:/ST/STM32CubeIDE_1.13.1/STM32CubeIDE/plugins/com.st.stm32cube.ide.mcu.externaltools.gnu-tools-for-stm32.11.3.rel1.win32_1.1.0.202305231506/tools/bin/../lib/gcc/arm-none-eabi/11.3.1/thumb/v7e-m+fp/hard/crtn.o
OUTPUT(Final_chicken_last.elf elf32-littlearm)
LOAD linker stubs
LOAD C:/ST/STM32CubeIDE_1.13.1/STM32CubeIDE/plugins/com.st.stm32cube.ide.mcu.externaltools.gnu-tools-for-stm32.11.3.rel1.win32_1.1.0.202305231506/tools/bin/../lib/gcc/arm-none-eabi/11.3.1/../../../../arm-none-eabi/lib/thumb/v7e-m+fp/hard\libc.a
LOAD C:/ST/STM32CubeIDE_1.13.1/STM32CubeIDE/plugins/com.st.stm32cube.ide.mcu.externaltools.gnu-tools-for-stm32.11.3.rel1.win32_1.1.0.202305231506/tools/bin/../lib/gcc/arm-none-eabi/11.3.1/../../../../arm-none-eabi/lib/thumb/v7e-m+fp/hard\libm.a
LOAD C:/ST/STM32CubeIDE_1.13.1/STM32CubeIDE/plugins/com.st.stm32cube.ide.mcu.externaltools.gnu-tools-for-stm32.11.3.rel1.win32_1.1.0.202305231506/tools/bin/../lib/gcc/arm-none-eabi/11.3.1/thumb/v7e-m+fp/hard\libgcc.a

.comment        0x0000000000000000       0x43
 .comment       0x0000000000000000       0x43 C:/ST/STM32CubeIDE_1.13.1/STM32CubeIDE/plugins/com.st.stm32cube.ide.mcu.externaltools.gnu-tools-for-stm32.11.3.rel1.win32_1.1.0.202305231506/tools/bin/../lib/gcc/arm-none-eabi/11.3.1/thumb/v7e-m+fp/hard/crtbegin.o
                                         0x44 (size before relaxing)
 .comment       0x0000000000000043       0x44 ./Core/Src/main.o
 .comment       0x0000000000000043       0x44 ./Core/Src/stm32l4xx_hal_msp.o
 .comment       0x0000000000000043       0x44 ./Core/Src/stm32l4xx_it.o
 .comment       0x0000000000000043       0x44 ./Core/Src/system_stm32l4xx.o
 .comment       0x0000000000000043       0x44 ./Drivers/OLED/ssd1306.o
 .comment       0x0000000000000043       0x44 ./Drivers/OLED/ssd1306_fonts.o
 .comment       0x0000000000000043       0x44 ./Drivers/STM32L4xx_HAL_Driver/Src/stm32l4xx_hal.o
 .comment       0x0000000000000043       0x44 ./Drivers/STM32L4xx_HAL_Driver/Src/stm32l4xx_hal_cortex.o
 .comment       0x0000000000000043       0x44 ./Drivers/STM32L4xx_HAL_Driver/Src/stm32l4xx_hal_dma.o
 .comment       0x0000000000000043       0x44 ./Drivers/STM32L4xx_HAL_Driver/Src/stm32l4xx_hal_gpio.o
 .comment       0x0000000000000043       0x44 ./Drivers/STM32L4xx_HAL_Driver/Src/stm32l4xx_hal_pwr_ex.o
 .comment       0x0000000000000043       0x44 ./Drivers/STM32L4xx_HAL_Driver/Src/stm32l4xx_hal_rcc.o
 .comment       0x0000000000000043       0x44 ./Drivers/STM32L4xx_HAL_Driver/Src/stm32l4xx_hal_spi.o

.debug_info     0x0000000000000000     0x8c65
 .debug_info    0x0000000000000000     0x145b ./Core/Src/main.o
 .debug_info    0x000000000000145b      0xb48 ./Core/Src/stm32l4xx_hal_msp.o
 .debug_info    0x0000000000001fa3      0x62f ./Core/Src/stm32l4xx_it.o
 .debug_info    0x00000000000025d2      0x5bf ./Core/Src/system_stm32l4xx.o
 .debug_info    0x0000000000002b91       0x23 ./Core/Startup/startup_stm32l432kcux.o
 .debug_info    0x0000000000002bb4      0xdac ./Drivers/OLED/ssd1306.o
 .debug_info    0x0000000000003960      0x351 ./Drivers/OLED/ssd1306_fonts.o
 .debug_info    0x0000000000003cb1      0x99e ./Drivers/STM32L4xx_HAL_Driver/Src/stm32l4xx_hal.o
 .debug_info    0x000000000000464f      0xcce ./Drivers/STM32L4xx_HAL_Driver/Src/stm32l4xx_hal_cortex.o
 .debug_info    0x000000000000531d      0x6f4 ./Drivers/STM32L4xx_HAL_Driver/Src/stm32l4xx_hal_dma.o
 .debug_info    0x0000000000005a11      0x757 ./Drivers/STM32L4xx_HAL_Driver/Src/stm32l4xx_hal_gpio.o
 .debug_info    0x0000000000006168      0x920 ./Drivers/STM32L4xx_HAL_Driver/Src/stm32l4xx_hal_pwr_ex.o
 .debug_info    0x0000000000006a88      0xbc3 ./Drivers/STM32L4xx_HAL_Driver/Src/stm32l4xx_hal_rcc.o
 .debug_info    0x000000000000764b     0x161a ./Drivers/STM32L4xx_HAL_Driver/Src/stm32l4xx_hal_spi.o

.debug_abbrev   0x0000000000000000     0x1c6a
 .debug_abbrev  0x0000000000000000      0x3ce ./Core/Src/main.o
 .debug_abbrev  0x00000000000003ce      0x1ad ./Core/Src/stm32l4xx_hal_msp.o
 .debug_abbrev  0x000000000000057b      0x180 ./Core/Src/stm32l4xx_it.o
 .debug_abbrev  0x00000000000006fb      0x11a ./Core/Src/system_stm32l4xx.o
 .debug_abbrev  0x0000000000000815       0x12 ./Core/Startup/startup_stm32l432kcux.o
 .debug_abbrev  0x0000000000000827      0x334 ./Drivers/OLED/ssd1306.o
 .debug_abbrev  0x0000000000000b5b       0xe6 ./Drivers/OLED/ssd1306_fonts.o
 .debug_abbrev  0x0000000000000c41      0x225 ./Drivers/STM32L4xx_HAL_Driver/Src/stm32l4xx_hal.o
 .debug_abbrev  0x0000000000000e66      0x327 ./Drivers/STM32L4xx_HAL_Driver/Src/stm32l4xx_hal_cortex.o
 .debug_abbrev  0x000000000000118d      0x1e4 ./Drivers/STM32L4xx_HAL_Driver/Src/stm32l4xx_hal_dma.o
 .debug_abbrev  0x0000000000001371      0x1cb ./Drivers/STM32L4xx_HAL_Driver/Src/stm32l4xx_hal_gpio.o
 .debug_abbrev  0x000000000000153c      0x1f9 ./Drivers/STM32L4xx_HAL_Driver/Src/stm32l4xx_hal_pwr_ex.o
 .debug_abbrev  0x0000000000001735      0x2cb ./Drivers/STM32L4xx_HAL_Driver/Src/stm32l4xx_hal_rcc.o
 .debug_abbrev  0x0000000000001a00      0x26a ./Drivers/STM32L4xx_HAL_Driver/Src/stm32l4xx_hal_spi.o

.debug_aranges  0x0000000000000000      0x900
 .debug_aranges
                0x0000000000000000       0xb0 ./Core/Src/main.o
 .debug_aranges
                0x00000000000000b0       0x30 ./Core/Src/stm32l4xx_hal_msp.o
 .debug_aranges
                0x00000000000000e0       0x68 ./Core/Src/stm32l4xx_it.o
 .debug_aranges
                0x0000000000000148       0x28 ./Core/Src/system_stm32l4xx.o
 .debug_aranges
                0x0000000000000170       0x28 ./Core/Startup/startup_stm32l432kcux.o
 .debug_aranges
                0x0000000000000198       0xc8 ./Drivers/OLED/ssd1306.o
 .debug_aranges
                0x0000000000000260       0x18 ./Drivers/OLED/ssd1306_fonts.o
 .debug_aranges
                0x0000000000000278      0x108 ./Drivers/STM32L4xx_HAL_Driver/Src/stm32l4xx_hal.o
 .debug_aranges
                0x0000000000000380      0x118 ./Drivers/STM32L4xx_HAL_Driver/Src/stm32l4xx_hal_cortex.o
 .debug_aranges
                0x0000000000000498       0x80 ./Drivers/STM32L4xx_HAL_Driver/Src/stm32l4xx_hal_dma.o
 .debug_aranges
                0x0000000000000518       0x58 ./Drivers/STM32L4xx_HAL_Driver/Src/stm32l4xx_hal_gpio.o
 .debug_aranges
                0x0000000000000570      0x128 ./Drivers/STM32L4xx_HAL_Driver/Src/stm32l4xx_hal_pwr_ex.o
 .debug_aranges
                0x0000000000000698       0x90 ./Drivers/STM32L4xx_HAL_Driver/Src/stm32l4xx_hal_rcc.o
 .debug_aranges
                0x0000000000000728      0x1d8 ./Drivers/STM32L4xx_HAL_Driver/Src/stm32l4xx_hal_spi.o

.debug_rnglists
                0x0000000000000000      0x6af
 .debug_rnglists
                0x0000000000000000       0x87 ./Core/Src/main.o
 .debug_rnglists
                0x0000000000000087       0x20 ./Core/Src/stm32l4xx_hal_msp.o
 .debug_rnglists
                0x00000000000000a7       0x49 ./Core/Src/stm32l4xx_it.o
 .debug_rnglists
                0x00000000000000f0       0x1a ./Core/Src/system_stm32l4xx.o
 .debug_rnglists
                0x000000000000010a       0x19 ./Core/Startup/startup_stm32l432kcux.o
 .debug_rnglists
                0x0000000000000123       0x96 ./Drivers/OLED/ssd1306.o
 .debug_rnglists
                0x00000000000001b9       0xc1 ./Drivers/STM32L4xx_HAL_Driver/Src/stm32l4xx_hal.o
 .debug_rnglists
                0x000000000000027a       0xce ./Drivers/STM32L4xx_HAL_Driver/Src/stm32l4xx_hal_cortex.o
 .debug_rnglists
                0x0000000000000348       0x64 ./Drivers/STM32L4xx_HAL_Driver/Src/stm32l4xx_hal_dma.o
 .debug_rnglists
                0x00000000000003ac       0x3f ./Drivers/STM32L4xx_HAL_Driver/Src/stm32l4xx_hal_gpio.o
 .debug_rnglists
                0x00000000000003eb       0xdf ./Drivers/STM32L4xx_HAL_Driver/Src/stm32l4xx_hal_pwr_ex.o
 .debug_rnglists
                0x00000000000004ca       0x6d ./Drivers/STM32L4xx_HAL_Driver/Src/stm32l4xx_hal_rcc.o
 .debug_rnglists
                0x0000000000000537      0x178 ./Drivers/STM32L4xx_HAL_Driver/Src/stm32l4xx_hal_spi.o

.debug_macro    0x0000000000000000    0x1f930
 .debug_macro   0x0000000000000000      0x30d ./Core/Src/main.o
 .debug_macro   0x000000000000030d      0xaa8 ./Core/Src/main.o
 .debug_macro   0x0000000000000db5      0x1a1 ./Core/Src/main.o
 .debug_macro   0x0000000000000f56       0x2e ./Core/Src/main.o
 .debug_macro   0x0000000000000f84       0x28 ./Core/Src/main.o
 .debug_macro   0x0000000000000fac       0x22 ./Core/Src/main.o
 .debug_macro   0x0000000000000fce       0x8e ./Core/Src/main.o
 .debug_macro   0x000000000000105c       0x51 ./Core/Src/main.o
 .debug_macro   0x00000000000010ad      0x103 ./Core/Src/main.o
 .debug_macro   0x00000000000011b0       0x6a ./Core/Src/main.o
 .debug_macro   0x000000000000121a      0x1df ./Core/Src/main.o
 .debug_macro   0x00000000000013f9       0x1c ./Core/Src/main.o
 .debug_macro   0x0000000000001415       0x22 ./Core/Src/main.o
 .debug_macro   0x0000000000001437       0xfb ./Core/Src/main.o
 .debug_macro   0x0000000000001532     0x1011 ./Core/Src/main.o
 .debug_macro   0x0000000000002543      0x11f ./Core/Src/main.o
 .debug_macro   0x0000000000002662    0x147a6 ./Core/Src/main.o
 .debug_macro   0x0000000000016e08       0x6d ./Core/Src/main.o
 .debug_macro   0x0000000000016e75     0x38e6 ./Core/Src/main.o
 .debug_macro   0x000000000001a75b      0x174 ./Core/Src/main.o
 .debug_macro   0x000000000001a8cf       0x5c ./Core/Src/main.o
 .debug_macro   0x000000000001a92b     0x11ca ./Core/Src/main.o
 .debug_macro   0x000000000001baf5      0x53c ./Core/Src/main.o
 .debug_macro   0x000000000001c031      0x1b9 ./Core/Src/main.o
 .debug_macro   0x000000000001c1ea      0x122 ./Core/Src/main.o
 .debug_macro   0x000000000001c30c      0x26b ./Core/Src/main.o
 .debug_macro   0x000000000001c577      0x23d ./Core/Src/main.o
 .debug_macro   0x000000000001c7b4      0x241 ./Core/Src/main.o
 .debug_macro   0x000000000001c9f5      0x375 ./Core/Src/main.o
 .debug_macro   0x000000000001cd6a       0xd6 ./Core/Src/main.o
 .debug_macro   0x000000000001ce40      0x122 ./Core/Src/main.o
 .debug_macro   0x000000000001cf62      0x356 ./Core/Src/main.o
 .debug_macro   0x000000000001d2b8      0x2fe ./Core/Src/main.o
 .debug_macro   0x000000000001d5b6      0x220 ./Core/Src/main.o
 .debug_macro   0x000000000001d7d6       0x61 ./Core/Src/main.o
 .debug_macro   0x000000000001d837       0x2a ./Core/Src/main.o
 .debug_macro   0x000000000001d861       0x43 ./Core/Src/main.o
 .debug_macro   0x000000000001d8a4       0x34 ./Core/Src/main.o
 .debug_macro   0x000000000001d8d8       0x6a ./Core/Src/main.o
 .debug_macro   0x000000000001d942       0x10 ./Core/Src/main.o
 .debug_macro   0x000000000001d952       0x16 ./Core/Src/main.o
 .debug_macro   0x000000000001d968       0x22 ./Core/Src/main.o
 .debug_macro   0x000000000001d98a       0x1c ./Core/Src/main.o
 .debug_macro   0x000000000001d9a6       0x16 ./Core/Src/main.o
 .debug_macro   0x000000000001d9bc       0x43 ./Core/Src/main.o
 .debug_macro   0x000000000001d9ff       0x34 ./Core/Src/main.o
 .debug_macro   0x000000000001da33       0x10 ./Core/Src/main.o
 .debug_macro   0x000000000001da43       0x58 ./Core/Src/main.o
 .debug_macro   0x000000000001da9b       0x8e ./Core/Src/main.o
 .debug_macro   0x000000000001db29       0x1c ./Core/Src/main.o
 .debug_macro   0x000000000001db45      0x177 ./Core/Src/main.o
 .debug_macro   0x000000000001dcbc      0x369 ./Core/Src/main.o
 .debug_macro   0x000000000001e025       0x10 ./Core/Src/main.o
 .debug_macro   0x000000000001e035       0x35 ./Core/Src/main.o
 .debug_macro   0x000000000001e06a       0x20 ./Core/Src/main.o
 .debug_macro   0x000000000001e08a       0x34 ./Core/Src/main.o
 .debug_macro   0x000000000001e0be       0x1c ./Core/Src/main.o
 .debug_macro   0x000000000001e0da       0x10 ./Core/Src/main.o
 .debug_macro   0x000000000001e0ea       0x1c ./Core/Src/main.o
 .debug_macro   0x000000000001e106       0x16 ./Core/Src/main.o
 .debug_macro   0x000000000001e11c      0x147 ./Core/Src/main.o
 .debug_macro   0x000000000001e263      0x1b7 ./Core/Src/stm32l4xx_hal_msp.o
 .debug_macro   0x000000000001e41a      0x1c1 ./Core/Src/stm32l4xx_it.o
 .debug_macro   0x000000000001e5db      0x1ad ./Core/Src/system_stm32l4xx.o
 .debug_macro   0x000000000001e788      0x2e1 ./Drivers/OLED/ssd1306.o
 .debug_macro   0x000000000001ea69       0x28 ./Drivers/OLED/ssd1306.o
 .debug_macro   0x000000000001ea91      0x19b ./Drivers/OLED/ssd1306.o
 .debug_macro   0x000000000001ec2c       0x16 ./Drivers/OLED/ssd1306.o
 .debug_macro   0x000000000001ec42       0x76 ./Drivers/OLED/ssd1306_fonts.o
 .debug_macro   0x000000000001ecb8      0x1f5 ./Drivers/STM32L4xx_HAL_Driver/Src/stm32l4xx_hal.o
 .debug_macro   0x000000000001eead      0x1ad ./Drivers/STM32L4xx_HAL_Driver/Src/stm32l4xx_hal_cortex.o
 .debug_macro   0x000000000001f05a      0x1ad ./Drivers/STM32L4xx_HAL_Driver/Src/stm32l4xx_hal_dma.o
 .debug_macro   0x000000000001f207      0x1b4 ./Drivers/STM32L4xx_HAL_Driver/Src/stm32l4xx_hal_gpio.o
 .debug_macro   0x000000000001f3bb      0x1d1 ./Drivers/STM32L4xx_HAL_Driver/Src/stm32l4xx_hal_pwr_ex.o
 .debug_macro   0x000000000001f58c      0x1ef ./Drivers/STM32L4xx_HAL_Driver/Src/stm32l4xx_hal_rcc.o
 .debug_macro   0x000000000001f77b      0x1b5 ./Drivers/STM32L4xx_HAL_Driver/Src/stm32l4xx_hal_spi.o

.debug_line     0x0000000000000000     0xa122
 .debug_line    0x0000000000000000      0xe2c ./Core/Src/main.o
 .debug_line    0x0000000000000e2c      0x765 ./Core/Src/stm32l4xx_hal_msp.o
 .debug_line    0x0000000000001591      0x7ef ./Core/Src/stm32l4xx_it.o
 .debug_line    0x0000000000001d80      0x7ac ./Core/Src/system_stm32l4xx.o
 .debug_line    0x000000000000252c       0x7a ./Core/Startup/startup_stm32l432kcux.o
 .debug_line    0x00000000000025a6      0xd1f ./Drivers/OLED/ssd1306.o
 .debug_line    0x00000000000032c5      0x424 ./Drivers/OLED/ssd1306_fonts.o
 .debug_line    0x00000000000036e9      0xa71 ./Drivers/STM32L4xx_HAL_Driver/Src/stm32l4xx_hal.o
 .debug_line    0x000000000000415a      0xcab ./Drivers/STM32L4xx_HAL_Driver/Src/stm32l4xx_hal_cortex.o
 .debug_line    0x0000000000004e05      0xcf5 ./Drivers/STM32L4xx_HAL_Driver/Src/stm32l4xx_hal_dma.o
 .debug_line    0x0000000000005afa      0xafb ./Drivers/STM32L4xx_HAL_Driver/Src/stm32l4xx_hal_gpio.o
 .debug_line    0x00000000000065f5      0xc03 ./Drivers/STM32L4xx_HAL_Driver/Src/stm32l4xx_hal_pwr_ex.o
 .debug_line    0x00000000000071f8      0xfb9 ./Drivers/STM32L4xx_HAL_Driver/Src/stm32l4xx_hal_rcc.o
 .debug_line    0x00000000000081b1     0x1f71 ./Drivers/STM32L4xx_HAL_Driver/Src/stm32l4xx_hal_spi.o

.debug_str      0x0000000000000000    0xbcbce
 .debug_str     0x0000000000000000    0xba142 ./Core/Src/main.o
                                      0xba4ae (size before relaxing)
 .debug_str     0x00000000000ba142      0x425 ./Core/Src/stm32l4xx_hal_msp.o
                                      0xb6710 (size before relaxing)
 .debug_str     0x00000000000ba567       0xec ./Core/Src/stm32l4xx_it.o
                                      0xb61c5 (size before relaxing)
 .debug_str     0x00000000000ba653       0xf2 ./Core/Src/system_stm32l4xx.o
                                      0xb5f2b (size before relaxing)
 .debug_str     0x00000000000ba745       0x34 ./Core/Startup/startup_stm32l432kcux.o
                                         0x7b (size before relaxing)
 .debug_str     0x00000000000ba779      0xb5b ./Drivers/OLED/ssd1306.o
                                      0xba15c (size before relaxing)
 .debug_str     0x00000000000bb2d4       0x70 ./Drivers/OLED/ssd1306_fonts.o
                                       0x3f9c (size before relaxing)
 .debug_str     0x00000000000bb344      0x527 ./Drivers/STM32L4xx_HAL_Driver/Src/stm32l4xx_hal.o
                                      0xb68b8 (size before relaxing)
 .debug_str     0x00000000000bb86b      0x31d ./Drivers/STM32L4xx_HAL_Driver/Src/stm32l4xx_hal_cortex.o
                                      0xb6659 (size before relaxing)
 .debug_str     0x00000000000bbb88      0x25d ./Drivers/STM32L4xx_HAL_Driver/Src/stm32l4xx_hal_dma.o
                                      0xb6192 (size before relaxing)
 .debug_str     0x00000000000bbde5      0x123 ./Drivers/STM32L4xx_HAL_Driver/Src/stm32l4xx_hal_gpio.o
                                      0xb609f (size before relaxing)
 .debug_str     0x00000000000bbf08      0x44e ./Drivers/STM32L4xx_HAL_Driver/Src/stm32l4xx_hal_pwr_ex.o
                                      0xb63d3 (size before relaxing)
 .debug_str     0x00000000000bc356      0x345 ./Drivers/STM32L4xx_HAL_Driver/Src/stm32l4xx_hal_rcc.o
                                      0xb652b (size before relaxing)
 .debug_str     0x00000000000bc69b      0x533 ./Drivers/STM32L4xx_HAL_Driver/Src/stm32l4xx_hal_spi.o
                                      0xb6749 (size before relaxing)

.debug_frame    0x0000000000000000     0x22f4
 .debug_frame   0x0000000000000000      0x2b0 ./Core/Src/main.o
 .debug_frame   0x00000000000002b0       0x80 ./Core/Src/stm32l4xx_hal_msp.o
 .debug_frame   0x0000000000000330      0x120 ./Core/Src/stm32l4xx_it.o
 .debug_frame   0x0000000000000450       0x58 ./Core/Src/system_stm32l4xx.o
 .debug_frame   0x00000000000004a8      0x31c ./Drivers/OLED/ssd1306.o
 .debug_frame   0x00000000000007c4      0x3dc ./Drivers/STM32L4xx_HAL_Driver/Src/stm32l4xx_hal.o
 .debug_frame   0x0000000000000ba0      0x498 ./Drivers/STM32L4xx_HAL_Driver/Src/stm32l4xx_hal_cortex.o
 .debug_frame   0x0000000000001038      0x204 ./Drivers/STM32L4xx_HAL_Driver/Src/stm32l4xx_hal_dma.o
 .debug_frame   0x000000000000123c      0x14c ./Drivers/STM32L4xx_HAL_Driver/Src/stm32l4xx_hal_gpio.o
 .debug_frame   0x0000000000001388      0x4a4 ./Drivers/STM32L4xx_HAL_Driver/Src/stm32l4xx_hal_pwr_ex.o
 .debug_frame   0x000000000000182c      0x21c ./Drivers/STM32L4xx_HAL_Driver/Src/stm32l4xx_hal_rcc.o
 .debug_frame   0x0000000000001a48      0x860 ./Drivers/STM32L4xx_HAL_Driver/Src/stm32l4xx_hal_spi.o
 .debug_frame   0x00000000000022a8       0x20 C:/ST/STM32CubeIDE_1.13.1/STM32CubeIDE/plugins/com.st.stm32cube.ide.mcu.externaltools.gnu-tools-for-stm32.11.3.rel1.win32_1.1.0.202305231506/tools/bin/../lib/gcc/arm-none-eabi/11.3.1/../../../../arm-none-eabi/lib/thumb/v7e-m+fp/hard\libc_nano.a(libc_a-memset.o)
 .debug_frame   0x00000000000022c8       0x2c C:/ST/STM32CubeIDE_1.13.1/STM32CubeIDE/plugins/com.st.stm32cube.ide.mcu.externaltools.gnu-tools-for-stm32.11.3.rel1.win32_1.1.0.202305231506/tools/bin/../lib/gcc/arm-none-eabi/11.3.1/../../../../arm-none-eabi/lib/thumb/v7e-m+fp/hard\libc_nano.a(libc_a-init.o)

.debug_line_str
                0x0000000000000000       0x6f
 .debug_line_str
                0x0000000000000000       0x6f ./Core/Startup/startup_stm32l432kcux.o
                                         0x87 (size before relaxing)
